2026-09-11T03:19:13.658414+00:00	OK	Hybrid	20260909	MSE23W/MaxSATQueriesinInterpretableClassifiers_wt-compas_test_2_CNF_4_5.wcnf	0	0.034	0	
2026-09-11T03:19:13.677290+00:00	OK	CASH	20260909	MSE23W/MaxSATQueriesinInterpretableClassifiers_wt-compas_test_1_CNF_3_15.wcnf	0	0.019	0	
2026-09-11T03:19:13.676727+00:00	OK	Hybrid	20260909	MSE23W/MaxSATQueriesinInterpretableClassifiers_wt-compas_test_1_CNF_3_15.wcnf	0	0.031	0	
2026-09-11T03:19:13.694954+00:00	OK	CASH	20260909	MSE23W/MaxSATQueriesinInterpretableClassifiers_wt-compas_test_2_CNF_4_5.wcnf	0	0.024	0	
2026-09-11T03:19:13.719205+00:00	OK	Hybrid	20260909	MSE23W/MaxSATQueriesinInterpretableClassifiers_wt-ilpd_test_1_CNF_4_5.wcnf	0	0.057	0	
2026-09-11T03:19:13.728774+00:00	OK	CASH	20260909	MSE23W/MaxSATQueriesinInterpretableClassifiers_wt-wdbc_test_5_DNF_1_15.wcnf	0	0.034	0	
2026-09-11T03:19:13.733092+00:00	OK	CASH	20260909	MSE23W/MaxSATQueriesinInterpretableClassifiers_wt-tictactoe_test_2_CNF_2_15.wcnf	0	0.041	0	
2026-09-11T03:19:13.730276+00:00	OK	CASH	20260909	MSE23W/MaxSATQueriesinInterpretableClassifiers_wt-transfusion_test_7_DNF_3_5.wcnf	0	0.032	0	
2026-09-11T03:19:13.729997+00:00	OK	CASH	20260909	MSE23W/MaxSATQueriesinInterpretableClassifiers_wt-ilpd_test_1_CNF_4_5.wcnf	0	0.052	0	
2026-09-11T03:19:13.729455+00:00	OK	Hybrid	20260909	MSE23W/MaxSATQueriesinInterpretableClassifiers_wt-pima_test_1_CNF_4_15.wcnf	0	0.046	0	
2026-09-11T03:19:13.733897+00:00	OK	Hybrid	20260909	MSE23W/MaxSATQueriesinInterpretableClassifiers_wt-wdbc_test_5_DNF_1_15.wcnf	0	0.023	0	
2026-09-11T03:19:13.737332+00:00	OK	CASH	20260909	MSE23W/MaxSATQueriesinInterpretableClassifiers_wt-pima_test_1_CNF_4_15.wcnf	0	0.085	0	
2026-09-11T03:19:13.738331+00:00	OK	CASH	20260909	MSE23W/MaxSATQueriesinInterpretableClassifiers_wt-titanic_test_6_CNF_3_5.wcnf	0	0.032	0	
2026-09-11T03:19:13.755878+00:00	OK	Hybrid	20260909	MSE23W/MaxSATQueriesinInterpretableClassifiers_wt-titanic_test_6_CNF_3_5.wcnf	0	0.041	0	
2026-09-11T03:19:13.923716+00:00	OK	Hybrid	20260909	MSE23W/MaxSATQueriesinInterpretableClassifiers_wt-iris_train_0_DNF_5_20.wcnf	0	0.288	0	
2026-09-11T03:19:13.992137+00:00	OK	Hybrid	20260909	MSE23W/MaxSATQueriesinInterpretableClassifiers_wt-tictactoe_test_2_CNF_2_15.wcnf	0	0.311	0	
2026-09-11T03:19:13.991727+00:00	OK	Hybrid	20260909	MSE23W/MaxSATQueriesinInterpretableClassifiers_wt-transfusion_test_7_DNF_3_5.wcnf	0	0.291	0	
2026-09-11T03:19:14.332808+00:00	OK	CASH	20260909	MSE23W/MaxSATQueriesinInterpretableClassifiers_wt-iris_train_0_DNF_5_20.wcnf	0	0.645	0	
2026-09-11T03:19:14.510298+00:00	OK	CASH	20260909	MSE23W/ParametricRBACMaintenance_mse20_wt-role_smallcomp_multiple_0.0_3.wcnf	0	0.585	0	
2026-09-11T03:19:14.773397+00:00	OK	Hybrid	20260909	MSE23W/ParametricRBACMaintenance_mse20_wt-role_smallcomp_multiple_0.0_3.wcnf	0	0.779	0	
2026-09-11T03:19:14.961293+00:00	OK	CASH	20260909	MSE23W/CSG_wt-CSG40-40-95.wcnf	0	1.357	0	
2026-09-11T03:19:14.980777+00:00	OK	Hybrid	20260909	MSE23W/CSG_wt-CSG40-40-95.wcnf	0	1.380	0	
2026-09-11T03:19:15.332763+00:00	OK	Hybrid	20260909	MSE23W/ParametricRBACMaintenance_mse20_wt-role_smallcomp_multiple_0.0_2.wcnf	0	1.575	0	
2026-09-11T03:19:16.453334+00:00	OK	CASH	20260909	MSE23W/ParametricRBACMaintenance_mse20_wt-role_smallcomp_multiple_0.0_2.wcnf	0	2.697	0	
2026-09-11T03:19:16.722185+00:00	OK	CASH	20260909	MSE23W/CSG_wt-CSG60-60-88.wcnf	0	3.121	0	
2026-09-11T03:19:17.018249+00:00	OK	Hybrid	20260909	MSE23W/CSG_wt-CSG60-60-88.wcnf	0	3.414	0	
2026-09-11T03:19:17.161743+00:00	OK	CASH	20260909	MSE23W/CSG_wt-CSG140-140-46.wcnf	0	3.568	0	
2026-09-11T03:19:17.826024+00:00	OK	CASH	20260909	MSE23W/CSG_wt-CSGNaive140-140-0.wcnf	0	4.220	0	
2026-09-11T03:19:19.121134+00:00	OK	Hybrid	20260909	MSE23W/CSG_wt-CSG140-140-46.wcnf	0	5.521	0	
2026-09-11T03:19:19.937252+00:00	OK	Hybrid	20260909	MSE23W/CSG_wt-CSGNaive140-140-0.wcnf	0	6.329	0	
2026-09-11T03:19:20.953741+00:00	OK	CASH	20260909	MSE23W/CSG_wt-CSGNaive70-70-91.wcnf	0	7.340	0	
2026-09-11T03:19:21.868983+00:00	OK	Hybrid	20260909	MSE23W/CSG_wt-CSGNaive70-70-91.wcnf	0	8.255	0	
2026-09-11T03:19:28.822486+00:00	OK	CASH	20260909	MSE23W/MaxSATQueriesinInterpretableClassifiers_wt-compas_train_1_DNF_1_15.wcnf	0	15.192	0	
2026-09-11T03:19:28.870798+00:00	OK	Hybrid	20260909	MSE23W/MaxSATQueriesinInterpretableClassifiers_wt-compas_train_1_DNF_1_15.wcnf	0	15.240	0	
2026-09-11T03:19:29.031292+00:00	OK	CASH	20260909	MSE23W/CSG_wt-CSGNaive60-60-53.wcnf	0	15.414	0	
2026-09-11T03:19:29.308424+00:00	OK	Hybrid	20260909	MSE23W/CSG_wt-CSGNaive60-60-53.wcnf	0	15.694	0	
2026-09-11T03:19:30.431301+00:00	OK	Hybrid	20260909	MSE23W/Security-CriticalCyber-PhysicalComponents_wt-test13--n-5000.wcnf	0	1.122	0	
2026-09-11T03:19:30.518303+00:00	OK	CASH	20260909	MSE23W/Security-CriticalCyber-PhysicalComponents_wt-test13--n-5000.wcnf	0	1.486	0	
2026-09-11T03:19:31.457939+00:00	OK	CASH	20260909	MSE23W/Security-CriticalCyber-PhysicalComponents_wt-test15--n-5000.wcnf	0	1.025	0	
2026-09-11T03:19:31.828964+00:00	OK	CASH	20260909	MSE23W/CSG_wt-CSG150-150-55.wcnf	0	18.234	0	
2026-09-11T03:19:31.998518+00:00	OK	Hybrid	20260909	MSE23W/Security-CriticalCyber-PhysicalComponents_wt-test15--n-5000.wcnf	0	1.479	0	
2026-09-11T03:19:32.762282+00:00	OK	CASH	20260909	MSE23W/Security-CriticalCyber-PhysicalComponents_wt-test17--n-5000.wcnf	0	1.303	0	
2026-09-11T03:19:33.489392+00:00	OK	Hybrid	20260909	MSE23W/Security-CriticalCyber-PhysicalComponents_wt-test17--n-5000.wcnf	0	1.659	0	
2026-09-11T03:19:33.535566+00:00	OK	CASH	20260909	MSE23W/Security-CriticalCyber-PhysicalComponents_wt-test2--n-5000.wcnf	0	1.535	0	
2026-09-11T03:19:33.952860+00:00	OK	Hybrid	20260909	MSE23W/Security-CriticalCyber-PhysicalComponents_wt-test2--n-5000.wcnf	0	1.189	0	
2026-09-11T03:19:35.516498+00:00	OK	CASH	20260909	MSE23W/Security-CriticalCyber-PhysicalComponents_wt-test35--n-10000.wcnf	0	1.562	0	
2026-09-11T03:19:36.236850+00:00	OK	Hybrid	20260909	MSE23W/Security-CriticalCyber-PhysicalComponents_wt-test34--n-10000.wcnf	0	2.700	0	
2026-09-11T03:19:36.433964+00:00	OK	CASH	20260909	MSE23W/Security-CriticalCyber-PhysicalComponents_wt-test34--n-10000.wcnf	0	2.943	0	
2026-09-11T03:19:37.058319+00:00	OK	Hybrid	20260909	MSE23W/Security-CriticalCyber-PhysicalComponents_wt-test35--n-10000.wcnf	0	1.541	0	
2026-09-11T03:19:38.625411+00:00	OK	Hybrid	20260909	MSE23W/Security-CriticalCyber-PhysicalComponents_wt-test40--n-10000.wcnf	0	2.190	0	
2026-09-11T03:19:39.550507+00:00	OK	CASH	20260909	MSE23W/Security-CriticalCyber-PhysicalComponents_wt-test40--n-10000.wcnf	0	3.312	0	
2026-09-11T03:19:41.376963+00:00	OK	CASH	20260909	MSE23W/CSG_wt-CSGNaive150-150-55.wcnf	0	27.765	0	
2026-09-11T03:19:47.078338+00:00	OK	Hybrid	20260909	MSE23W/Security-CriticalCyber-PhysicalComponents_wt-test52--n-15000.wcnf	0	5.700	0	
2026-09-11T03:19:47.391642+00:00	OK	CASH	20260909	MSE23W/Security-CriticalCyber-PhysicalComponents_wt-test52--n-15000.wcnf	0	7.840	0	
2026-09-11T03:19:47.808789+00:00	OK	CASH	20260909	MSE23W/Security-CriticalCyber-PhysicalComponents_wt-test43--n-15000.wcnf	0	10.749	0	
2026-09-11T03:19:49.889083+00:00	OK	Hybrid	20260909	MSE23W/Security-CriticalCyber-PhysicalComponents_wt-test43--n-15000.wcnf	0	11.263	0	
2026-09-11T03:19:53.498404+00:00	OK	CASH	20260909	MSE23W/Security-CriticalCyber-PhysicalComponents_wt-test54--n-15000.wcnf	0	6.419	0	
2026-09-11T03:19:53.501814+00:00	OK	Hybrid	20260909	MSE23W/Security-CriticalCyber-PhysicalComponents_wt-test54--n-15000.wcnf	0	6.109	0	
2026-09-11T03:19:53.586763+00:00	OK	CASH	20260909	MSE23W/Security-CriticalCyber-PhysicalComponents_wt-test57--n-15000.wcnf	0	5.777	0	
2026-09-11T03:19:54.215132+00:00	OK	CASH	20260909	MSE23W/CSG_wt-CSG140-140-6.wcnf	0	40.619	0	
2026-09-11T03:19:59.377776+00:00	OK	Hybrid	20260909	MSE23W/Security-CriticalCyber-PhysicalComponents_wt-test57--n-15000.wcnf	0	9.487	0	
2026-09-11T03:20:03.033413+00:00	OK	CASH	20260909	MSE23W/CSG_wt-CSGNaive140-140-6.wcnf	0	49.424	0	
2026-09-11T03:20:03.420070+00:00	OK	CASH	20260909	MSE23W/Security-CriticalCyber-PhysicalComponents_wt-test66--n-20000.wcnf	0	9.832	0	
2026-09-11T03:20:07.645495+00:00	OK	CASH	20260909	MSE23W/Security-CriticalCyber-PhysicalComponents_wt-test63--n-20000.wcnf	0	14.145	0	
2026-09-11T03:20:08.265207+00:00	OK	Hybrid	20260909	MSE23W/Security-CriticalCyber-PhysicalComponents_wt-test66--n-20000.wcnf	0	14.049	0	
2026-09-11T03:20:09.238500+00:00	OK	Hybrid	20260909	MSE23W/Security-CriticalCyber-PhysicalComponents_wt-test63--n-20000.wcnf	0	15.735	0	
2026-09-11T03:20:14.505242+00:00	OK	CASH	20260909	MSE23W/Security-CriticalCyber-PhysicalComponents_wt-test75--n-20000.wcnf	0	11.084	0	
2026-09-11T03:20:16.302447+00:00	OK	Hybrid	20260909	MSE23W/Security-CriticalCyber-PhysicalComponents_wt-test75--n-20000.wcnf	0	8.655	0	
2026-09-11T03:20:28.214501+00:00	OK	CASH	20260909	MSE23W/Security-CriticalCyber-PhysicalComponents_wt-test68--n-20000.wcnf	0	28.836	0	
2026-09-11T03:23:15.366528+00:00	OK	CASH	20260909	MSE23W/MaxSATQueriesinInterpretableClassifiers_wt-compas_train_0_CNF_3_5.wcnf	0	241.741	0	
2026-09-11T03:23:49.707526+00:00	OK	CASH	20260909	MSE23W/abstraction-refinement_wt-downcast-avrora.wcnf	0	215.201	0	
2026-09-11T03:26:32.625236+00:00	OK	CASH	20260909	MSE23W/MaxSATQueriesinInterpretableClassifiers_wt-toms_test_3_CNF_1_20.wcnf	0	438.956	0	
2026-09-11T03:29:13.774478+00:00	OK	CASH	20260909	MSE23W/MaxSATQueriesinInterpretableClassifiers_wt-pima_train_6_CNF_3_20.wcnf	0	600.098	0	
2026-09-11T03:29:13.821420+00:00	OK	CASH	20260909	MSE23W/ParametricRBACMaintenance_mse20_wt-role_domino_multiple_0.2_0.wcnf	0	600.079	0	
2026-09-11T03:29:13.827121+00:00	OK	CASH	20260909	MSE23W/ParametricRBACMaintenance_mse20_wt-role_domino_multiple_0.1_8.wcnf	0	600.082	0	
2026-09-11T03:29:13.932027+00:00	OK	CASH	20260909	MSE23W/MaxSATQueriesinInterpretableClassifiers_wt-toms_test_2_CNF_3_20.wcnf	0	600.247	0	
2026-09-11T03:29:14.022429+00:00	OK	CASH	20260909	MSE23W/ParametricRBACMaintenance_mse20_wt-role_domino_multiple_0.6_8.wcnf	0	600.275	0	
2026-09-11T03:29:14.042836+00:00	OK	CASH	20260909	MSE23W/ParametricRBACMaintenance_mse20_wt-role_smallcomp_multiple_0.7_2.wcnf	0	600.045	0	
2026-09-11T03:29:14.048151+00:00	OK	CASH	20260909	MSE23W/ParametricRBACMaintenance_mse20_wt-role_domino_multiple_0.5_1.wcnf	0	600.301	0	
2026-09-11T03:29:14.068086+00:00	OK	Hybrid	20260909	MSE23W/MaxSATQueriesinInterpretableClassifiers_wt-pima_train_6_CNF_3_20.wcnf	0	600.369	33	
2026-09-11T03:29:14.414401+00:00	OK	Hybrid	20260909	MSE23W/ParametricRBACMaintenance_mse20_wt-role_smallcomp_multiple_0.7_2.wcnf	0	600.079	33	
2026-09-11T03:29:14.573506+00:00	OK	CASH	20260909	MSE23W/ParametricRBACMaintenance_mse20_wt-role_smallcomp_multiple_0.7_6.wcnf	0	600.061	0	
2026-09-11T03:29:14.859226+00:00	OK	Hybrid	20260909	MSE23W/ParametricRBACMaintenance_mse20_wt-role_smallcomp_multiple_0.7_6.wcnf	0	600.084	33	
2026-09-11T03:29:14.885558+00:00	OK	Hybrid	20260909	MSE23W/MaxSATQueriesinInterpretableClassifiers_wt-toms_test_3_CNF_1_20.wcnf	0	601.191	33	
2026-09-11T03:29:15.025461+00:00	OK	CASH	20260909	MSE23W/ParametricRBACMaintenance_mse20_wt-role_smallcomp_multiple_0.8_1.wcnf	0	600.063	0	
2026-09-11T03:29:15.042332+00:00	OK	Hybrid	20260909	MSE23W/ParametricRBACMaintenance_mse20_wt-role_smallcomp_multiple_0.8_1.wcnf	0	600.059	33	
2026-09-11T03:29:15.402391+00:00	OK	CASH	20260909	MSE23W/ParametricRBACMaintenance_mse20_wt-role_smallcomp_multiple_0.9_6.wcnf	0	600.068	0	
2026-09-11T03:29:15.533021+00:00	OK	CASH	20260909	MSE23W/auctions_wt-cat_paths_60_100_0002.txt.wcnf	0	0.129	0	
2026-09-11T03:29:15.647877+00:00	OK	CASH	20260909	MSE23W/abstraction-refinement_wt-downcast-hsqldb.wcnf	0	527.432	0	
2026-09-11T03:29:15.665583+00:00	OK	Hybrid	20260909	MSE23W/auctions_wt-cat_paths_60_100_0002.txt.wcnf	0	0.131	0	
2026-09-11T03:29:15.843475+00:00	OK	Hybrid	20260909	MSE23W/auctions_wt-cat_paths_60_130_0002.txt.wcnf	0	0.177	0	
2026-09-11T03:29:15.848461+00:00	OK	CASH	20260909	MSE23W/auctions_wt-cat_paths_60_130_0002.txt.wcnf	0	0.199	0	
2026-09-11T03:29:16.105271+00:00	OK	Hybrid	20260909	MSE23W/MaxSATQueriesinInterpretableClassifiers_wt-toms_test_2_CNF_3_20.wcnf	0	602.419	33	
2026-09-11T03:29:16.161497+00:00	OK	CASH	20260909	MSE23W/auctions_wt-cat_paths_60_70_0003.txt.wcnf	0	0.055	0	
2026-09-11T03:29:16.205151+00:00	OK	Hybrid	20260909	MSE23W/auctions_wt-cat_paths_60_150_0005.txt.wcnf	0	0.355	0	
2026-09-11T03:29:16.208805+00:00	OK	CASH	20260909	MSE23W/auctions_wt-cat_paths_60_150_0005.txt.wcnf	0	0.364	0	
2026-09-11T03:29:16.219251+00:00	OK	Hybrid	20260909	MSE23W/auctions_wt-cat_paths_60_70_0003.txt.wcnf	0	0.057	0	
2026-09-11T03:29:16.298413+00:00	OK	Hybrid	20260909	MSE23W/auctions_wt-cat_paths_60_90_0007.txt.wcnf	0	0.088	0	
2026-09-11T03:29:16.315034+00:00	OK	CASH	20260909	MSE23W/auctions_wt-cat_paths_60_90_0007.txt.wcnf	0	0.109	0	
2026-09-11T03:29:16.512656+00:00	OK	Hybrid	20260909	MSE23W/ParametricRBACMaintenance_mse20_wt-role_smallcomp_multiple_0.9_6.wcnf	0	600.058	33	
2026-09-11T03:29:16.863424+00:00	OK	CASH	20260909	MSE23W/ParametricRBACMaintenance_mse20_wt-role_university_multiple_0.1_1.wcnf	0	600.140	0	
2026-09-11T03:29:17.209749+00:00	OK	CASH	20260909	MSE23W/auctions_wt-cat_reg_60_140_0002.txt.wcnf	0	0.989	0	
2026-09-11T03:29:17.376160+00:00	OK	CASH	20260909	MSE23W/ParametricRBACMaintenance_mse20_wt-role_university_multiple_0.4_7.wcnf	0	600.213	0	
2026-09-11T03:29:17.446088+00:00	OK	Hybrid	20260909	MSE23W/auctions_wt-cat_reg_60_140_0002.txt.wcnf	0	1.146	0	
2026-09-11T03:29:17.497885+00:00	OK	CASH	20260909	MSE23W/auctions_wt-cat_reg_60_150_0002.txt.wcnf	0	1.179	0	
2026-09-11T03:29:17.633022+00:00	OK	Hybrid	20260909	MSE23W/CSG_wt-CSG140-140-6.wcnf	0	604.037	33	
2026-09-11T03:29:17.681515+00:00	OK	CASH	20260909	MSE23W/auctions_wt-cat_sched_60_100_0004.txt.wcnf	0	0.183	0	
2026-09-11T03:29:17.760194+00:00	OK	Hybrid	20260909	MSE23W/auctions_wt-cat_reg_60_150_0002.txt.wcnf	0	1.246	0	
2026-09-11T03:29:17.764244+00:00	OK	Hybrid	20260909	MSE23W/auctions_wt-cat_sched_60_100_0004.txt.wcnf	0	0.128	0	
2026-09-11T03:29:17.839305+00:00	OK	CASH	20260909	MSE23W/auctions_wt-cat_reg_60_160_0005.txt.wcnf	0	0.975	0	
2026-09-11T03:29:17.907715+00:00	OK	CASH	20260909	MSE23W/auctions_wt-cat_sched_60_130_0000.txt.wcnf	0	0.225	0	
2026-09-11T03:29:17.954694+00:00	OK	Hybrid	20260909	MSE23W/CSG_wt-CSGNaive140-140-6.wcnf	0	604.344	33	
2026-09-11T03:29:18.045864+00:00	OK	Hybrid	20260909	MSE23W/auctions_wt-cat_sched_60_130_0002.txt.wcnf	0	0.206	0	
2026-09-11T03:29:18.060540+00:00	OK	Hybrid	20260909	MSE23W/auctions_wt-cat_sched_60_130_0000.txt.wcnf	0	0.299	0	
2026-09-11T03:29:18.075455+00:00	OK	CASH	20260909	MSE23W/auctions_wt-cat_sched_60_130_0002.txt.wcnf	0	0.310	0	
2026-09-11T03:29:18.147782+00:00	OK	CASH	20260909	MSE23W/auctions_wt-cat_sched_60_70_0003.txt.wcnf	0	0.071	0	
2026-09-11T03:29:18.219575+00:00	OK	Hybrid	20260909	MSE23W/auctions_wt-cat_sched_60_70_0003.txt.wcnf	0	0.071	0	
2026-09-11T03:29:18.262867+00:00	OK	Hybrid	20260909	MSE23W/auctions_wt-cat_reg_60_160_0005.txt.wcnf	0	1.052	0	
2026-09-11T03:29:18.294367+00:00	OK	Hybrid	20260909	MSE23W/auctions_wt-cat_sched_60_170_0003.txt.wcnf	0	0.338	0	
2026-09-11T03:29:18.326587+00:00	OK	CASH	20260909	MSE23W/MaxSATQueriesinInterpretableClassifiers_wt-credit_train_8_CNF_5_20.wcnf	0	604.693	0	
2026-09-11T03:29:18.329399+00:00	OK	Hybrid	20260909	MSE23W/CSG_wt-CSG150-150-55.wcnf	0	604.729	33	
2026-09-11T03:29:18.340961+00:00	OK	CASH	20260909	MSE23W/auctions_wt-cat_sched_60_170_0003.txt.wcnf	0	0.432	0	
2026-09-11T03:29:18.360011+00:00	OK	Hybrid	20260909	MSE23W/CSG_wt-CSGNaive150-150-55.wcnf	0	604.744	33	
2026-09-11T03:29:18.512883+00:00	OK	CASH	20260909	MSE23W/auctions_wt-cat_sched_60_190_0000.txt.wcnf	0	0.466	0	
2026-09-11T03:29:18.689866+00:00	OK	Hybrid	20260909	MSE23W/ParametricRBACMaintenance_mse20_wt-role_domino_multiple_0.1_8.wcnf	0	604.950	33	
2026-09-11T03:29:18.812962+00:00	OK	Hybrid	20260909	MSE23W/auctions_wt-cat_sched_60_190_0000.txt.wcnf	0	0.751	0	
2026-09-11T03:29:18.956111+00:00	OK	Hybrid	20260909	MSE23W/ParametricRBACMaintenance_mse20_wt-role_domino_multiple_0.5_1.wcnf	0	605.201	33	
2026-09-11T03:29:19.140957+00:00	OK	Hybrid	20260909	MSE23W/ParametricRBACMaintenance_mse20_wt-role_domino_multiple_0.2_0.wcnf	0	605.395	33	
2026-09-11T03:29:19.443873+00:00	OK	CASH	20260909	MSE23W/ParametricRBACMaintenance_mse20_wt-role_university_multiple_0.5_4.wcnf	0	600.321	0	
2026-09-11T03:29:19.503807+00:00	OK	Hybrid	20260909	MSE23W/ParametricRBACMaintenance_mse20_wt-role_domino_multiple_0.6_8.wcnf	0	605.519	33	
2026-09-11T03:29:19.913634+00:00	OK	CASH	20260909	MSE23W/MinimumWeightDominatingSetProblem_wt-web-wikipedia2009.wcnf	0	606.174	0	
2026-09-11T03:29:19.920259+00:00	OK	CASH	20260909	MSE23W/MinimumWeightDominatingSetProblem_wt-bn-human-BNU_1_0025865_session_1-bg.wcnf	0	606.238	0	
2026-09-11T03:29:20.029942+00:00	OK	Hybrid	20260909	MSE23W/MinimumWeightDominatingSetProblem_wt-web-wikipedia2009.wcnf	0	606.303	19	
2026-09-11T03:29:20.202917+00:00	OK	CASH	20260909	MSE23W/MinimumWeightDominatingSetProblem_wt-channel-500x100x100-b050.wcnf	0	606.524	0	
2026-09-11T03:29:20.241733+00:00	OK	Hybrid	20260909	MSE23W/MinimumWeightDominatingSetProblem_wt-bn-human-BNU_1_0025865_session_1-bg.wcnf	0	606.559	31	
2026-09-11T03:29:20.265240+00:00	OK	CASH	20260909	MSE23W/MinimumWeightDominatingSetProblem_wt-soc-livejournal-user-groups.wcnf	0	606.606	0	
2026-09-11T03:29:20.286877+00:00	OK	CASH	20260909	MSE23W/MinimumWeightDominatingSetProblem_wt-sc-rel9.wcnf	0	606.600	0	
2026-09-11T03:29:20.593809+00:00	OK	Hybrid	20260909	MSE23W/MinimumWeightDominatingSetProblem_wt-channel-500x100x100-b050.wcnf	0	606.914	30	
2026-09-11T03:29:20.978857+00:00	OK	Hybrid	20260909	MSE23W/MaxSATQueriesinInterpretableClassifiers_wt-credit_train_8_CNF_5_20.wcnf	0	607.347	29	
2026-09-11T03:29:21.163412+00:00	OK	CASH	20260909	MSE23W/ParametricRBACMaintenance_mse20_wt-role_university_multiple_0.5_5.wcnf	0	600.206	0	
2026-09-11T03:29:21.217983+00:00	OK	CASH	20260909	MSE23W/auctions_wt-cat_reg_60_230_0003.txt.wcnf	0	3.841	0	
2026-09-11T03:29:21.257308+00:00	OK	Hybrid	20260909	MSE23W/MaxSATQueriesinInterpretableClassifiers_wt-compas_train_0_CNF_3_5.wcnf	0	607.627	5	
2026-09-11T03:29:21.364516+00:00	OK	Hybrid	20260909	MSE23W/auctions_wt-cat_reg_60_230_0003.txt.wcnf	0	3.917	0	
2026-09-11T03:29:21.389010+00:00	OK	Hybrid	20260909	MSE23W/MinimumWeightDominatingSetProblem_wt-sc-rel9.wcnf	0	607.697	30	
2026-09-11T03:29:21.400545+00:00	OK	CASH	20260909	MSE23W/MinimumWeightDominatingSetProblem_wt-rgg_n_2_24_s0.wcnf	0	607.709	0	
2026-09-11T03:29:21.413864+00:00	OK	CASH	20260909	MSE23W/MinimumWeightDominatingSetProblem_wt-inf-road-usa.wcnf	0	607.765	0	
2026-09-11T03:29:21.528342+00:00	OK	CASH	20260909	MSE23W/MinimumWeightDominatingSetProblem_wt-delaunay_n24.wcnf	0	607.852	0	
2026-09-11T03:29:21.669311+00:00	OK	Hybrid	20260909	MSE23W/MinimumWeightDominatingSetProblem_wt-delaunay_n24.wcnf	0	608.022	26	
2026-09-11T03:29:21.751056+00:00	OK	Hybrid	20260909	MSE23W/MinimumWeightDominatingSetProblem_wt-soc-livejournal-user-groups.wcnf	0	608.025	19	
2026-09-11T03:29:21.912430+00:00	OK	CASH	20260909	MSE23W/MinimumWeightDominatingSetProblem_wt-hugebubbles-00020.wcnf	0	608.216	0	
2026-09-11T03:29:22.623890+00:00	OK	Hybrid	20260909	MSE23W/MinimumWeightDominatingSetProblem_wt-hugebubbles-00020.wcnf	0	608.929	22	
2026-09-11T03:29:22.886669+00:00	OK	Hybrid	20260909	MSE23W/MinimumWeightDominatingSetProblem_wt-rgg_n_2_24_s0.wcnf	0	609.204	24	
2026-09-11T03:29:22.949789+00:00	OK	Hybrid	20260909	MSE23W/ParametricRBACMaintenance_mse20_wt-role_university_multiple_0.1_1.wcnf	0	605.930	33	
2026-09-11T03:29:23.572815+00:00	OK	Hybrid	20260909	MSE23W/ParametricRBACMaintenance_mse20_wt-role_university_multiple_0.5_4.wcnf	0	603.633	33	
2026-09-11T03:29:23.620805+00:00	OK	Hybrid	20260909	MSE23W/MinimumWeightDominatingSetProblem_wt-inf-road-usa.wcnf	0	609.944	25	
2026-09-11T03:29:23.935947+00:00	OK	Hybrid	20260909	MSE23W/ParametricRBACMaintenance_mse20_wt-role_university_multiple_0.4_7.wcnf	0	606.108	32	
2026-09-11T03:29:27.354357+00:00	OK	Hybrid	20260909	MSE23W/ParametricRBACMaintenance_mse20_wt-role_university_multiple_0.5_5.wcnf	0	605.480	33	
2026-09-11T03:29:29.127909+00:00	OK	CASH	20260909	MSE23W/ParametricRBACMaintenance_mse20_wt-role_university_multiple_0.5_7.wcnf	0	600.304	0	
2026-09-11T03:29:33.970027+00:00	OK	Hybrid	20260909	MSE23W/ParametricRBACMaintenance_mse20_wt-role_university_multiple_0.5_7.wcnf	0	605.098	33	
2026-09-11T03:29:34.196404+00:00	OK	Hybrid	20260909	MSE23W/causal-discovery_wt-causal_Horse.23_7_300.wcnf	0	15.869	0	
2026-09-11T03:29:34.223708+00:00	OK	CASH	20260909	MSE23W/causal-discovery_wt-causal_Horse.23_7_300.wcnf	0	15.928	0	
2026-09-11T03:29:36.719629+00:00	OK	CASH	20260909	MSE23W/causal-discovery_wt-causal_n6_i10_N500_uai14_log_int.wcnf	0	15.318	0	
2026-09-11T03:29:36.736423+00:00	OK	Hybrid	20260909	MSE23W/causal-discovery_wt-causal_n6_i10_N500_uai14_log_int.wcnf	0	15.321	0	
2026-09-11T03:29:54.520770+00:00	OK	CASH	20260909	MSE23W/correlation-clustering_wt-Rounded_CorrelationClustering_Protein1_TRANSITIVE_N150.wcnf	0	31.570	0	
2026-09-11T03:29:55.965495+00:00	OK	CASH	20260909	MSE23W/causal-discovery_wt-causal_Water_7_380.wcnf	0	35.723	0	
2026-09-11T03:30:03.328193+00:00	OK	Hybrid	20260909	MSE23W/Security-CriticalCyber-PhysicalComponents_wt-test68--n-20000.wcnf	0	600.293	33	
2026-09-11T03:30:09.392816+00:00	OK	CASH	20260909	MSE23W/abstraction-refinement_wt-downcast-antlr.wcnf	0	601.126	0	
2026-09-11T03:30:15.719780+00:00	OK	Hybrid	20260909	MSE23W/abstraction-refinement_wt-downcast-antlr.wcnf	0	606.480	31	
2026-09-11T03:30:20.349824+00:00	OK	CASH	20260909	MSE23W/correlation-clustering_wt-Rounded_CorrelationClustering_Protein2_BINARY_N220.wcnf	0	52.994	0	
2026-09-11T03:30:22.624307+00:00	OK	Hybrid	20260909	MSE23W/abstraction-refinement_wt-downcast-avrora.wcnf	0	606.320	31	
2026-09-11T03:30:22.780091+00:00	OK	CASH	20260909	MSE23W/correlation-clustering_wt-Rounded_CorrelationClustering_Protein1_BINARY_N320.wcnf	0	60.155	0	
2026-09-11T03:30:35.613788+00:00	OK	CASH	20260909	MSE23W/correlation-clustering_wt-Rounded_CorrelationClustering_Protein1_BINARY_N300.wcnf	0	73.862	0	
2026-09-11T03:30:49.567972+00:00	OK	CASH	20260909	MSE23W/causal-discovery_wt-causal_Diabetes_8_1000.wcnf	0	91.347	0	
2026-09-11T03:30:53.082312+00:00	OK	CASH	20260909	MSE23W/causal-discovery_wt-causal_Meta_7_528.wcnf	0	94.125	0	
2026-09-11T03:31:24.055745+00:00	OK	CASH	20260909	MSE23W/abstraction-refinement_wt-polysite-lusearch.wcnf	0	129.640	0	
2026-09-11T03:31:28.287402+00:00	OK	CASH	20260909	MSE23W/abstraction-refinement_wt-polysite-avrora.wcnf	0	134.459	0	
2026-09-11T03:32:01.161074+00:00	OK	CASH	20260909	MSE23W/causal-discovery_wt-causal_hailfinder_7_100.wcnf	0	159.942	0	
2026-09-11T03:32:23.682591+00:00	OK	CASH	20260909	MSE23W/causal-discovery_wt-causal_hailfinder_8_10000.wcnf	0	182.317	0	
2026-09-11T03:32:39.368950+00:00	OK	CASH	20260909	MSE23W/css-refactoring_wt-amazon.dimacs.wcnf	0	38.206	0	
2026-09-11T03:32:41.441325+00:00	OK	CASH	20260909	MSE23W/css-refactoring_wt-archlinux.dimacs.wcnf	0	2.071	0	
2026-09-11T03:32:43.194399+00:00	OK	Hybrid	20260909	MSE23W/css-refactoring_wt-archlinux.dimacs.wcnf	0	1.752	0	
2026-09-11T03:32:58.321229+00:00	OK	CASH	20260909	MSE23W/css-refactoring_wt-dblp.dimacs.wcnf	0	15.126	0	
2026-09-11T03:33:13.470585+00:00	OK	Hybrid	20260909	MSE23W/css-refactoring_wt-dblp.dimacs.wcnf	0	15.148	0	
2026-09-11T03:33:22.202100+00:00	OK	Hybrid	20260909	MSE23W/abstraction-refinement_wt-downcast-hsqldb.wcnf	0	606.834	27	
2026-09-11T03:33:31.418517+00:00	OK	CASH	20260909	MSE23W/css-refactoring_wt-ebay.dimacs.wcnf	0	17.947	0	
2026-09-11T03:33:37.042612+00:00	OK	CASH	20260909	MSE23W/abstraction-refinement_wt-downcast-xalan.wcnf	0	263.267	0	
2026-09-11T03:33:46.643002+00:00	OK	CASH	20260909	MSE23W/css-refactoring_wt-facebook1.dimacs.wcnf	0	15.221	0	
2026-09-11T03:33:52.313318+00:00	OK	Hybrid	20260909	MSE23W/css-refactoring_wt-facebook1.dimacs.wcnf	0	15.269	0	
2026-09-11T03:33:56.143920+00:00	OK	CASH	20260909	MSE23W/abstraction-refinement_wt-downcast-pmd.wcnf	0	606.435	0	
2026-09-11T03:35:43.062439+00:00	OK	CASH	20260909	MSE23W/abstraction-refinement_wt-polysite-pmd.wcnf	0	388.202	0	
2026-09-11T03:35:43.903620+00:00	OK	CASH	20260909	MSE23W/css-refactoring_wt-guardian.dimacs.wcnf	0	107.758	0	
2026-09-11T03:35:52.005567+00:00	OK	CASH	20260909	MSE23W/abstraction-refinement_wt-polysite-hsqldb.wcnf	0	397.956	0	
2026-09-11T03:35:59.069113+00:00	OK	CASH	20260909	MSE23W/css-refactoring_wt-londonist.dimacs.wcnf	0	15.164	0	
2026-09-11T03:36:07.220103+00:00	OK	Hybrid	20260909	MSE23W/css-refactoring_wt-londonist.dimacs.wcnf	0	15.213	0	
2026-09-11T03:36:14.221022+00:00	OK	CASH	20260909	MSE23W/css-refactoring_wt-openstreetmap.dimacs.wcnf	0	15.151	0	
2026-09-11T03:36:15.742534+00:00	OK	CASH	20260909	MSE23W/css-refactoring_wt-github.dimacs.wcnf	0	149.098	0	
2026-09-11T03:36:22.394963+00:00	OK	Hybrid	20260909	MSE23W/css-refactoring_wt-openstreetmap.dimacs.wcnf	0	15.174	0	
2026-09-11T03:36:22.665940+00:00	OK	Hybrid	20260909	MSE23W/css-refactoring_wt-wikipedia.dimacs.wcnf	0	6.922	0	
2026-09-11T03:36:24.690092+00:00	OK	CASH	20260909	MSE23W/css-refactoring_wt-wikipedia.dimacs.wcnf	0	10.468	0	
2026-09-11T03:36:24.888156+00:00	OK	CASH	20260909	MSE23W/dalculus_wt-f1-DataDisplay_0_order4.seq-A-2-2-irabcde.wcnf	0	0.197	0	
2026-09-11T03:36:25.088587+00:00	OK	Hybrid	20260909	MSE23W/dalculus_wt-f1-DataDisplay_0_order4.seq-A-2-2-irabcde.wcnf	0	0.199	0	
2026-09-11T03:36:25.122924+00:00	OK	CASH	20260909	MSE23W/dalculus_wt-f1-DataDisplay_0_order4.seq-A-3-1-EDCBAir.wcnf	0	0.033	0	
2026-09-11T03:36:25.159735+00:00	OK	Hybrid	20260909	MSE23W/dalculus_wt-f1-DataDisplay_0_order4.seq-A-3-1-EDCBAir.wcnf	0	0.036	0	
2026-09-11T03:36:25.207424+00:00	OK	CASH	20260909	MSE23W/dalculus_wt-f1-DataDisplay_0_order4.seq-A-3-2-EDCBAir.wcnf	0	0.046	0	
2026-09-11T03:36:25.246362+00:00	OK	Hybrid	20260909	MSE23W/dalculus_wt-f1-DataDisplay_0_order4.seq-A-3-2-EDCBAir.wcnf	0	0.038	0	
2026-09-11T03:36:25.297739+00:00	OK	CASH	20260909	MSE23W/dalculus_wt-f1-DataDisplay_0_order4.seq-A-3-combined-irEDCBA.wcnf	0	0.050	0	
2026-09-11T03:36:25.352033+00:00	OK	Hybrid	20260909	MSE23W/dalculus_wt-f1-DataDisplay_0_order4.seq-A-3-combined-irEDCBA.wcnf	0	0.053	0	
2026-09-11T03:36:25.486521+00:00	OK	CASH	20260909	MSE23W/dalculus_wt-f1-DataDisplay_0_order4.seq-B-2-1-EDCBAir.wcnf	0	0.133	0	
2026-09-11T03:36:25.620375+00:00	OK	Hybrid	20260909	MSE23W/dalculus_wt-f1-DataDisplay_0_order4.seq-B-2-1-EDCBAir.wcnf	0	0.133	0	
2026-09-11T03:36:25.764695+00:00	OK	CASH	20260909	MSE23W/dalculus_wt-f1-DataDisplay_0_order4.seq-B-2-1-irEDCBA.wcnf	0	0.143	0	
2026-09-11T03:36:25.910993+00:00	OK	Hybrid	20260909	MSE23W/dalculus_wt-f1-DataDisplay_0_order4.seq-B-2-1-irEDCBA.wcnf	0	0.145	0	
2026-09-11T03:36:26.081340+00:00	OK	CASH	20260909	MSE23W/dalculus_wt-f1-DataDisplay_0_order4.seq-B-2-2-irabcde.wcnf	0	0.169	0	
2026-09-11T03:36:26.260449+00:00	OK	Hybrid	20260909	MSE23W/dalculus_wt-f1-DataDisplay_0_order4.seq-B-2-2-irabcde.wcnf	0	0.178	0	
2026-09-11T03:36:26.348285+00:00	OK	CASH	20260909	MSE23W/dalculus_wt-f1-DataDisplay_0_order4.seq-B-2-combined-abcdeir.wcnf	0	0.086	0	
2026-09-11T03:36:26.435083+00:00	OK	Hybrid	20260909	MSE23W/dalculus_wt-f1-DataDisplay_0_order4.seq-B-2-combined-abcdeir.wcnf	0	0.085	0	
2026-09-11T03:36:26.470020+00:00	OK	CASH	20260909	MSE23W/dalculus_wt-f1-DataDisplay_0_order4.seq-B-3-2-irEDCBA.wcnf	0	0.034	0	
2026-09-11T03:36:26.506909+00:00	OK	Hybrid	20260909	MSE23W/dalculus_wt-f1-DataDisplay_0_order4.seq-B-3-2-irEDCBA.wcnf	0	0.036	0	
2026-09-11T03:36:39.535492+00:00	OK	Hybrid	20260909	MSE23W/abstraction-refinement_wt-downcast-pmd.wcnf	0	606.909	27	
2026-09-11T03:36:42.135810+00:00	OK	CASH	20260909	MSE23W/dalculus_wt-f49-DC_TotalLoss.seq-A-3-2-EDCBAir.wcnf	0	15.627	0	
2026-09-11T03:36:45.482710+00:00	OK	CASH	20260909	MSE23W/causal-discovery_wt-causal_Mushroom_7_1000.wcnf	0	446.038	0	
2026-09-11T03:36:55.211908+00:00	OK	Hybrid	20260909	MSE23W/dalculus_wt-f49-DC_TotalLoss.seq-A-3-2-EDCBAir.wcnf	0	15.675	0	
2026-09-11T03:36:57.793412+00:00	OK	CASH	20260909	MSE23W/dalculus_wt-f49-DC_TotalLoss.seq-A-3-combined-EDCBAir.wcnf	0	15.656	0	
2026-09-11T03:37:01.213247+00:00	OK	Hybrid	20260909	MSE23W/dalculus_wt-f49-DC_TotalLoss.seq-A-3-combined-EDCBAir.wcnf	0	15.729	0	
2026-09-11T03:37:10.727387+00:00	OK	CASH	20260909	MSE23W/dalculus_wt-f49-DC_TotalLoss.seq-B-2-2-irabcde.wcnf	0	15.514	0	
2026-09-11T03:37:13.335131+00:00	OK	Hybrid	20260909	MSE23W/dalculus_wt-f49-DC_TotalLoss.seq-B-2-2-irabcde.wcnf	0	15.540	0	
2026-09-11T03:37:17.240300+00:00	OK	CASH	20260909	MSE23W/dalculus_wt-f49-DC_TotalLoss.seq-B-2-combined-abcdeir.wcnf	0	16.026	0	
2026-09-11T03:37:26.781747+00:00	OK	Hybrid	20260909	MSE23W/dalculus_wt-f49-DC_TotalLoss.seq-B-2-combined-abcdeir.wcnf	0	16.053	0	
2026-09-11T03:37:29.084933+00:00	OK	CASH	20260909	MSE23W/dalculus_wt-f49-DC_TotalLoss.seq-B-3-combined-EDCBAir.wcnf	0	15.749	0	
2026-09-11T03:37:33.048845+00:00	OK	Hybrid	20260909	MSE23W/dalculus_wt-f49-DC_TotalLoss.seq-B-3-combined-EDCBAir.wcnf	0	15.807	0	
2026-09-11T03:37:42.577445+00:00	OK	CASH	20260909	MSE23W/css-refactoring_wt-youtube.dimacs.wcnf	0	80.181	0	
2026-09-11T03:37:43.077433+00:00	OK	CASH	20260909	MSE23W/dalculus_wt-f49-DC_TotalLoss.seq-B-3-combined-irEDCBA.wcnf	0	16.295	0	
2026-09-11T03:37:45.403432+00:00	OK	Hybrid	20260909	MSE23W/dalculus_wt-f49-DC_TotalLoss.seq-B-3-combined-irEDCBA.wcnf	0	16.317	0	
2026-09-11T03:37:54.690917+00:00	OK	CASH	20260909	MSE23W/causal-discovery_wt-causal_Link_10_1000.wcnf	0	516.360	0	
2026-09-11T03:39:07.822469+00:00	OK	CASH	20260909	MSE23W/correlation-clustering_wt-Rounded_CorrelationClustering_Protein3_TRANSITIVE_N280.wcnf	0	551.856	0	
2026-09-11T03:39:18.587639+00:00	OK	CASH	20260909	MSE23W/causal-discovery_wt-causal_Link_10_10000.wcnf	0	600.226	0	
2026-09-11T03:39:18.840766+00:00	OK	CASH	20260909	MSE23W/causal-discovery_wt-causal_Link_9_100.wcnf	0	600.150	0	
2026-09-11T03:39:19.307695+00:00	OK	Hybrid	20260909	MSE23W/causal-discovery_wt-causal_Diabetes_8_1000.wcnf	0	601.043	33	
2026-09-11T03:39:19.692300+00:00	OK	Hybrid	20260909	MSE23W/causal-discovery_wt-causal_Meta_7_528.wcnf	0	600.550	33	
2026-09-11T03:39:20.034572+00:00	OK	Hybrid	20260909	MSE23W/causal-discovery_wt-causal_Mushroom_7_1000.wcnf	0	600.530	33	
2026-09-11T03:39:20.207519+00:00	OK	CASH	20260909	MSE23W/causal-discovery_wt-causal_Pigs_6_1000.wcnf	0	600.292	0	
2026-09-11T03:39:20.226874+00:00	OK	CASH	20260909	MSE23W/causal-discovery_wt-causal_Water_10_1000.wcnf	0	600.196	0	
2026-09-11T03:39:20.368958+00:00	OK	Hybrid	20260909	MSE23W/abstraction-refinement_wt-downcast-xalan.wcnf	0	606.546	21	
2026-09-11T03:39:20.369925+00:00	OK	CASH	20260909	MSE23W/causal-discovery_wt-causal_alarm_9_1000.wcnf	0	600.082	0	
2026-09-11T03:39:20.457880+00:00	OK	Hybrid	20260909	MSE23W/abstraction-refinement_wt-polysite-avrora.wcnf	0	606.524	31	
2026-09-11T03:39:20.547867+00:00	OK	CASH	20260909	MSE23W/abstraction-refinement_wt-polysite-bloat.wcnf	0	606.524	0	
2026-09-11T03:39:20.689612+00:00	OK	Hybrid	20260909	MSE23W/causal-discovery_wt-causal_Water_7_380.wcnf	0	600.423	33	
2026-09-11T03:39:20.932403+00:00	OK	Hybrid	20260909	MSE23W/causal-discovery_wt-causal_Pigs_6_1000.wcnf	0	601.011	33	
2026-09-11T03:39:20.954997+00:00	OK	Hybrid	20260909	MSE23W/abstraction-refinement_wt-polysite-lusearch.wcnf	0	606.380	0	
2026-09-11T03:39:21.071622+00:00	OK	CASH	20260909	MSE23W/causal-discovery_wt-causal_carpo_8_1000.wcnf	0	600.091	0	
2026-09-11T03:39:21.116488+00:00	OK	Hybrid	20260909	MSE23W/abstraction-refinement_wt-polysite-hsqldb.wcnf	0	607.045	28	
2026-09-11T03:39:21.264440+00:00	OK	Hybrid	20260909	MSE23W/abstraction-refinement_wt-polysite-bloat.wcnf	0	607.220	27	
2026-09-11T03:39:21.380812+00:00	OK	CASH	20260909	MSE23W/abstraction-refinement_wt-polysite-xalan.wcnf	0	606.354	0	
2026-09-11T03:39:21.511844+00:00	OK	Hybrid	20260909	MSE23W/causal-discovery_wt-causal_Link_9_100.wcnf	0	602.698	33	
2026-09-11T03:39:21.680450+00:00	OK	Hybrid	20260909	MSE23W/causal-discovery_wt-causal_hailfinder_7_100.wcnf	0	600.422	33	
2026-09-11T03:39:21.752818+00:00	OK	Hybrid	20260909	MSE23W/abstraction-refinement_wt-polysite-pmd.wcnf	0	606.860	30	
2026-09-11T03:39:21.787132+00:00	OK	Hybrid	20260909	MSE23W/abstraction-refinement_wt-polysite-xalan.wcnf	0	606.743	28	
2026-09-11T03:39:21.917015+00:00	OK	CASH	20260909	MSE23W/correlation-clustering_wt-Rounded_CorrelationClustering_Ionosphere_BINARY_N260_D0.200.wcnf	0	600.387	0	
2026-09-11T03:39:21.945505+00:00	OK	Hybrid	20260909	MSE23W/causal-discovery_wt-causal_carpo_8_1000.wcnf	0	600.781	33	
2026-09-11T03:39:22.162222+00:00	OK	Hybrid	20260909	MSE23W/causal-discovery_wt-causal_hailfinder_8_10000.wcnf	0	600.772	33	
2026-09-11T03:39:22.901155+00:00	OK	Hybrid	20260909	MSE23W/correlation-clustering_wt-Rounded_CorrelationClustering_Protein1_BINARY_N300.wcnf	0	600.987	33	
2026-09-11T03:39:22.958528+00:00	OK	Hybrid	20260909	MSE23W/correlation-clustering_wt-Rounded_CorrelationClustering_Ionosphere_BINARY_N260_D0.200.wcnf	0	601.288	33	
2026-09-11T03:39:23.258098+00:00	OK	Hybrid	20260909	MSE23W/causal-discovery_wt-causal_alarm_9_1000.wcnf	0	602.663	33	
2026-09-11T03:39:23.708489+00:00	OK	Hybrid	20260909	MSE23W/correlation-clustering_wt-Rounded_CorrelationClustering_Protein1_BINARY_N320.wcnf	0	600.820	33	
2026-09-11T03:39:24.544378+00:00	OK	Hybrid	20260909	MSE23W/causal-discovery_wt-causal_Link_10_1000.wcnf	0	606.202	33	
2026-09-11T03:39:24.693752+00:00	OK	Hybrid	20260909	MSE23W/causal-discovery_wt-causal_Link_10_10000.wcnf	0	606.179	33	
2026-09-11T03:39:26.202550+00:00	OK	Hybrid	20260909	MSE23W/correlation-clustering_wt-Rounded_CorrelationClustering_Protein1_TRANSITIVE_N150.wcnf	0	602.628	33	
2026-09-11T03:39:26.321584+00:00	OK	Hybrid	20260909	MSE23W/causal-discovery_wt-causal_Water_10_1000.wcnf	0	606.117	33	
2026-09-11T03:39:27.988788+00:00	OK	CASH	20260909	MSE23W/correlation-clustering_wt-Rounded_CorrelationClustering_Protein1_UNARY_N290.wcnf	0	604.367	0	
2026-09-11T03:39:29.563432+00:00	OK	Hybrid	20260909	MSE23W/correlation-clustering_wt-Rounded_CorrelationClustering_Protein2_BINARY_N220.wcnf	0	600.434	33	
2026-09-11T03:39:30.142091+00:00	OK	Hybrid	20260909	MSE23W/correlation-clustering_wt-Rounded_CorrelationClustering_Protein1_UNARY_N290.wcnf	0	606.204	33	
2026-09-11T03:39:34.099423+00:00	OK	CASH	20260909	MSE23W/correlation-clustering_wt-Rounded_CorrelationClustering_Protein2_BINARY_N240.wcnf	0	600.128	0	
2026-09-11T03:39:34.524164+00:00	OK	CASH	20260909	MSE23W/correlation-clustering_wt-Rounded_CorrelationClustering_Protein2_BINARY_N380.wcnf	0	600.299	0	
2026-09-11T03:39:34.758313+00:00	OK	Hybrid	20260909	MSE23W/correlation-clustering_wt-Rounded_CorrelationClustering_Protein2_BINARY_N240.wcnf	0	600.560	33	
2026-09-11T03:39:37.056062+00:00	OK	CASH	20260909	MSE23W/correlation-clustering_wt-Rounded_CorrelationClustering_Protein2_UNARY_N220.wcnf	0	600.318	0	
2026-09-11T03:39:38.067555+00:00	OK	Hybrid	20260909	MSE23W/correlation-clustering_wt-Rounded_CorrelationClustering_Protein2_BINARY_N380.wcnf	0	601.346	33	
2026-09-11T03:39:39.027062+00:00	OK	CASH	20260909	MSE23W/drmx-cryptogen_wt-geffe128_2.wcnf	0	15.317	0	
2026-09-11T03:39:39.866002+00:00	OK	Hybrid	20260909	MSE23W/drmx-cryptogen_wt-geffe128_2.wcnf	0	15.320	0	
2026-09-11T03:39:58.355077+00:00	OK	Hybrid	20260909	MSE23W/correlation-clustering_wt-Rounded_CorrelationClustering_Protein2_UNARY_N220.wcnf	0	603.833	33	
2026-09-11T03:40:06.000394+00:00	OK	CASH	20260909	MSE23W/drmx-cryptogen_wt-geffe128_4.wcnf	0	39.677	0	
2026-09-11T03:40:09.687266+00:00	OK	Hybrid	20260909	MSE23W/correlation-clustering_wt-Rounded_CorrelationClustering_Protein3_TRANSITIVE_N280.wcnf	0	606.358	29	
2026-09-11T03:40:09.696853+00:00	OK	CASH	20260909	MSE23W/correlation-clustering_wt-Rounded_CorrelationClustering_Protein3_UNARY_N220.wcnf	0	600.303	0	
2026-09-11T03:40:19.216450+00:00	OK	Hybrid	20260909	MSE23W/correlation-clustering_wt-Rounded_CorrelationClustering_Protein3_UNARY_N220.wcnf	0	603.492	33	
2026-09-11T03:40:20.507563+00:00	OK	CASH	20260909	MSE23W/correlation-clustering_wt-Rounded_CorrelationClustering_Protein4_BINARY_N320.wcnf	0	600.157	0	
2026-09-11T03:40:23.102838+00:00	OK	Hybrid	20260909	MSE23W/correlation-clustering_wt-Rounded_CorrelationClustering_Protein4_BINARY_N320.wcnf	0	600.477	33	
2026-09-11T03:40:23.415314+00:00	OK	CASH	20260909	MSE23W/correlation-clustering_wt-Rounded_CorrelationClustering_Protein4_UNARY_N250.wcnf	0	600.634	0	
2026-09-11T03:40:30.765959+00:00	OK	CASH	20260909	MSE23W/drmx-cryptogen_wt-wolfram72_1.wcnf	0	52.697	0	
2026-09-11T03:40:30.986633+00:00	OK	CASH	20260909	MSE23W/drmx-cryptogen_wt-geffe128_7.wcnf	0	61.419	0	
2026-09-11T03:40:37.271614+00:00	OK	CASH	20260909	MSE23W/drmx-cryptogen_wt-geffe128_1.wcnf	0	74.311	0	
2026-09-11T03:40:38.790300+00:00	OK	Hybrid	20260909	MSE23W/correlation-clustering_wt-Rounded_CorrelationClustering_Protein4_UNARY_N250.wcnf	0	603.175	33	
2026-09-11T03:40:38.881424+00:00	OK	CASH	20260909	MSE23W/frb_wt-frb10-6-1.wcnf	0	0.090	0	
2026-09-11T03:40:38.973699+00:00	OK	Hybrid	20260909	MSE23W/frb_wt-frb10-6-1.wcnf	0	0.091	0	
2026-09-11T03:40:39.094998+00:00	OK	CASH	20260909	MSE23W/frb_wt-frb10-6-2.wcnf	0	0.120	0	
2026-09-11T03:40:39.215223+00:00	OK	Hybrid	20260909	MSE23W/frb_wt-frb10-6-2.wcnf	0	0.119	0	
2026-09-11T03:40:39.332535+00:00	OK	CASH	20260909	MSE23W/frb_wt-frb10-6-3.wcnf	0	0.116	0	
2026-09-11T03:40:39.453131+00:00	OK	Hybrid	20260909	MSE23W/frb_wt-frb10-6-3.wcnf	0	0.119	0	
2026-09-11T03:40:39.818464+00:00	OK	CASH	20260909	MSE23W/frb_wt-frb15-9-1.wcnf	0	0.364	0	
2026-09-11T03:40:40.184520+00:00	OK	Hybrid	20260909	MSE23W/frb_wt-frb15-9-1.wcnf	0	0.365	0	
2026-09-11T03:40:41.166540+00:00	OK	CASH	20260909	MSE23W/frb_wt-frb15-9-2.wcnf	0	0.981	0	
2026-09-11T03:40:42.144339+00:00	OK	Hybrid	20260909	MSE23W/frb_wt-frb15-9-2.wcnf	0	0.976	0	
2026-09-11T03:40:42.783086+00:00	OK	CASH	20260909	MSE23W/frb_wt-frb15-9-3.wcnf	0	0.634	0	
2026-09-11T03:40:43.478769+00:00	OK	Hybrid	20260909	MSE23W/frb_wt-frb15-9-3.wcnf	0	0.694	0	
2026-09-11T03:40:46.705453+00:00	OK	CASH	20260909	MSE23W/frb_wt-frb20-11-2.wcnf	0	3.225	0	
2026-09-11T03:40:48.400570+00:00	OK	CASH	20260909	MSE23W/drmx-cryptogen_wt-threshold128_7.wcnf	0	73.641	0	
2026-09-11T03:40:51.308100+00:00	OK	Hybrid	20260909	MSE23W/frb_wt-frb20-11-2.wcnf	0	4.601	0	
2026-09-11T03:40:52.538480+00:00	OK	CASH	20260909	MSE23W/drmx-cryptogen_wt-geffe128_0.wcnf	0	90.375	0	
2026-09-11T03:40:53.781779+00:00	OK	CASH	20260909	MSE23W/drmx-cryptogen_wt-geffe128_3.wcnf	0	89.087	0	
2026-09-11T03:40:55.617128+00:00	OK	CASH	20260909	MSE23W/correlation-clustering_wt-Rounded_CorrelationClustering_Vowel_BINARY_N700_D0.200.wcnf	0	606.048	0	
2026-09-11T03:40:56.263829+00:00	OK	Hybrid	20260909	MSE23W/correlation-clustering_wt-Rounded_CorrelationClustering_Vowel_BINARY_N700_D0.200.wcnf	0	603.180	33	
2026-09-11T03:40:59.040432+00:00	OK	CASH	20260909	MSE23W/drmx-cryptogen_wt-wolfram80_3.wcnf	0	49.342	0	
2026-09-11T03:41:02.233451+00:00	OK	CASH	20260909	MSE23W/drmx-cryptogen_wt-wolfram80_9.wcnf	0	31.245	0	
2026-09-11T03:41:07.599836+00:00	OK	CASH	20260909	MSE23W/drmx-cryptogen_wt-wolfram80_8.wcnf	0	44.183	0	
2026-09-11T03:41:07.879854+00:00	OK	CASH	20260909	MSE23W/frb_wt-frb25-13-3.wcnf	0	15.339	0	
2026-09-11T03:41:08.249631+00:00	OK	CASH	20260909	MSE23W/drmx-cryptogen_wt-threshold128_0.wcnf	0	94.149	0	
2026-09-11T03:41:09.771624+00:00	OK	CASH	20260909	MSE23W/drmx-cryptogen_wt-wolfram72_8.wcnf	0	63.770	0	
2026-09-11T03:41:30.130969+00:00	OK	CASH	20260909	MSE23W/correlation-clustering_wt-Rounded_CorrelationClustering_Vowel_BINARY_N800_D0.200.wcnf	0	606.074	0	
2026-09-11T03:41:32.762657+00:00	OK	Hybrid	20260909	MSE23W/correlation-clustering_wt-Rounded_CorrelationClustering_Vowel_BINARY_N800_D0.200.wcnf	0	604.474	33	
2026-09-11T03:42:01.567183+00:00	OK	CASH	20260909	MSE23W/drmx-cryptogen_wt-wolfram72_2.wcnf	0	141.700	0	
2026-09-11T03:42:23.972323+00:00	OK	Hybrid	20260909	MSE23W/css-refactoring_wt-amazon.dimacs.wcnf	0	600.288	33	
2026-09-11T03:42:28.493080+00:00	OK	CASH	20260909	MSE23W/drmx-cryptogen_wt-wolfram80_4.wcnf	0	127.982	0	
