batch=full23w_1seed manifest=full_MSE23W.txt tasks=1116 workers=64 budget=600s mode=full
OK Hybrid             seed=20260909 MaxSATQueriesinInterpretableClassifiers_wt-compa exit=0 wall=   0.0s rounds=0
OK Hybrid             seed=20260909 MaxSATQueriesinInterpretableClassifiers_wt-compa exit=0 wall=   0.0s rounds=0
OK CASH               seed=20260909 MaxSATQueriesinInterpretableClassifiers_wt-compa exit=0 wall=   0.0s rounds=0
OK CASH               seed=20260909 MaxSATQueriesinInterpretableClassifiers_wt-compa exit=0 wall=   0.0s rounds=0
OK Hybrid             seed=20260909 MaxSATQueriesinInterpretableClassifiers_wt-ilpd_ exit=0 wall=   0.1s rounds=0
OK CASH               seed=20260909 MaxSATQueriesinInterpretableClassifiers_wt-wdbc_ exit=0 wall=   0.0s rounds=0
OK CASH               seed=20260909 MaxSATQueriesinInterpretableClassifiers_wt-trans exit=0 wall=   0.0s rounds=0
OK CASH               seed=20260909 MaxSATQueriesinInterpretableClassifiers_wt-ticta exit=0 wall=   0.0s rounds=0
OK Hybrid             seed=20260909 MaxSATQueriesinInterpretableClassifiers_wt-pima_ exit=0 wall=   0.0s rounds=0
OK CASH               seed=20260909 MaxSATQueriesinInterpretableClassifiers_wt-ilpd_ exit=0 wall=   0.1s rounds=0
OK Hybrid             seed=20260909 MaxSATQueriesinInterpretableClassifiers_wt-wdbc_ exit=0 wall=   0.0s rounds=0
OK CASH               seed=20260909 MaxSATQueriesinInterpretableClassifiers_wt-pima_ exit=0 wall=   0.1s rounds=0
OK CASH               seed=20260909 MaxSATQueriesinInterpretableClassifiers_wt-titan exit=0 wall=   0.0s rounds=0
OK Hybrid             seed=20260909 MaxSATQueriesinInterpretableClassifiers_wt-titan exit=0 wall=   0.0s rounds=0
OK Hybrid             seed=20260909 MaxSATQueriesinInterpretableClassifiers_wt-iris_ exit=0 wall=   0.3s rounds=0
OK Hybrid             seed=20260909 MaxSATQueriesinInterpretableClassifiers_wt-ticta exit=0 wall=   0.3s rounds=0
OK Hybrid             seed=20260909 MaxSATQueriesinInterpretableClassifiers_wt-trans exit=0 wall=   0.3s rounds=0
OK CASH               seed=20260909 MaxSATQueriesinInterpretableClassifiers_wt-iris_ exit=0 wall=   0.6s rounds=0
OK CASH               seed=20260909 ParametricRBACMaintenance_mse20_wt-role_smallcom exit=0 wall=   0.6s rounds=0
OK Hybrid             seed=20260909 ParametricRBACMaintenance_mse20_wt-role_smallcom exit=0 wall=   0.8s rounds=0
OK CASH               seed=20260909 CSG_wt-CSG40-40-95                               exit=0 wall=   1.4s rounds=0
OK Hybrid             seed=20260909 CSG_wt-CSG40-40-95                               exit=0 wall=   1.4s rounds=0
OK Hybrid             seed=20260909 ParametricRBACMaintenance_mse20_wt-role_smallcom exit=0 wall=   1.6s rounds=0
OK CASH               seed=20260909 ParametricRBACMaintenance_mse20_wt-role_smallcom exit=0 wall=   2.7s rounds=0
OK CASH               seed=20260909 CSG_wt-CSG60-60-88                               exit=0 wall=   3.1s rounds=0
OK Hybrid             seed=20260909 CSG_wt-CSG60-60-88                               exit=0 wall=   3.4s rounds=0
OK CASH               seed=20260909 CSG_wt-CSG140-140-46                             exit=0 wall=   3.6s rounds=0
OK CASH               seed=20260909 CSG_wt-CSGNaive140-140-0                         exit=0 wall=   4.2s rounds=0
OK Hybrid             seed=20260909 CSG_wt-CSG140-140-46                             exit=0 wall=   5.5s rounds=0
OK Hybrid             seed=20260909 CSG_wt-CSGNaive140-140-0                         exit=0 wall=   6.3s rounds=0
OK CASH               seed=20260909 CSG_wt-CSGNaive70-70-91                          exit=0 wall=   7.3s rounds=0
OK Hybrid             seed=20260909 CSG_wt-CSGNaive70-70-91                          exit=0 wall=   8.3s rounds=0
OK CASH               seed=20260909 MaxSATQueriesinInterpretableClassifiers_wt-compa exit=0 wall=  15.2s rounds=0
OK Hybrid             seed=20260909 MaxSATQueriesinInterpretableClassifiers_wt-compa exit=0 wall=  15.2s rounds=0
OK CASH               seed=20260909 CSG_wt-CSGNaive60-60-53                          exit=0 wall=  15.4s rounds=0
OK Hybrid             seed=20260909 CSG_wt-CSGNaive60-60-53                          exit=0 wall=  15.7s rounds=0
OK Hybrid             seed=20260909 Security-CriticalCyber-PhysicalComponents_wt-tes exit=0 wall=   1.1s rounds=0
OK CASH               seed=20260909 Security-CriticalCyber-PhysicalComponents_wt-tes exit=0 wall=   1.5s rounds=0
OK CASH               seed=20260909 Security-CriticalCyber-PhysicalComponents_wt-tes exit=0 wall=   1.0s rounds=0
OK CASH               seed=20260909 CSG_wt-CSG150-150-55                             exit=0 wall=  18.2s rounds=0
OK Hybrid             seed=20260909 Security-CriticalCyber-PhysicalComponents_wt-tes exit=0 wall=   1.5s rounds=0
OK CASH               seed=20260909 Security-CriticalCyber-PhysicalComponents_wt-tes exit=0 wall=   1.3s rounds=0
OK Hybrid             seed=20260909 Security-CriticalCyber-PhysicalComponents_wt-tes exit=0 wall=   1.7s rounds=0
OK CASH               seed=20260909 Security-CriticalCyber-PhysicalComponents_wt-tes exit=0 wall=   1.5s rounds=0
OK Hybrid             seed=20260909 Security-CriticalCyber-PhysicalComponents_wt-tes exit=0 wall=   1.2s rounds=0
OK CASH               seed=20260909 Security-CriticalCyber-PhysicalComponents_wt-tes exit=0 wall=   1.6s rounds=0
OK Hybrid             seed=20260909 Security-CriticalCyber-PhysicalComponents_wt-tes exit=0 wall=   2.7s rounds=0
OK CASH               seed=20260909 Security-CriticalCyber-PhysicalComponents_wt-tes exit=0 wall=   2.9s rounds=0
OK Hybrid             seed=20260909 Security-CriticalCyber-PhysicalComponents_wt-tes exit=0 wall=   1.5s rounds=0
OK Hybrid             seed=20260909 Security-CriticalCyber-PhysicalComponents_wt-tes exit=0 wall=   2.2s rounds=0
OK CASH               seed=20260909 Security-CriticalCyber-PhysicalComponents_wt-tes exit=0 wall=   3.3s rounds=0
OK CASH               seed=20260909 CSG_wt-CSGNaive150-150-55                        exit=0 wall=  27.8s rounds=0
OK Hybrid             seed=20260909 Security-CriticalCyber-PhysicalComponents_wt-tes exit=0 wall=   5.7s rounds=0
OK CASH               seed=20260909 Security-CriticalCyber-PhysicalComponents_wt-tes exit=0 wall=   7.8s rounds=0
OK CASH               seed=20260909 Security-CriticalCyber-PhysicalComponents_wt-tes exit=0 wall=  10.7s rounds=0
OK Hybrid             seed=20260909 Security-CriticalCyber-PhysicalComponents_wt-tes exit=0 wall=  11.3s rounds=0
OK CASH               seed=20260909 Security-CriticalCyber-PhysicalComponents_wt-tes exit=0 wall=   6.4s rounds=0
OK Hybrid             seed=20260909 Security-CriticalCyber-PhysicalComponents_wt-tes exit=0 wall=   6.1s rounds=0
OK CASH               seed=20260909 Security-CriticalCyber-PhysicalComponents_wt-tes exit=0 wall=   5.8s rounds=0
OK CASH               seed=20260909 CSG_wt-CSG140-140-6                              exit=0 wall=  40.6s rounds=0
OK Hybrid             seed=20260909 Security-CriticalCyber-PhysicalComponents_wt-tes exit=0 wall=   9.5s rounds=0
OK CASH               seed=20260909 CSG_wt-CSGNaive140-140-6                         exit=0 wall=  49.4s rounds=0
OK CASH               seed=20260909 Security-CriticalCyber-PhysicalComponents_wt-tes exit=0 wall=   9.8s rounds=0
OK CASH               seed=20260909 Security-CriticalCyber-PhysicalComponents_wt-tes exit=0 wall=  14.1s rounds=0
OK Hybrid             seed=20260909 Security-CriticalCyber-PhysicalComponents_wt-tes exit=0 wall=  14.0s rounds=0
OK Hybrid             seed=20260909 Security-CriticalCyber-PhysicalComponents_wt-tes exit=0 wall=  15.7s rounds=0
OK CASH               seed=20260909 Security-CriticalCyber-PhysicalComponents_wt-tes exit=0 wall=  11.1s rounds=0
OK Hybrid             seed=20260909 Security-CriticalCyber-PhysicalComponents_wt-tes exit=0 wall=   8.7s rounds=0
OK CASH               seed=20260909 Security-CriticalCyber-PhysicalComponents_wt-tes exit=0 wall=  28.8s rounds=0
OK CASH               seed=20260909 MaxSATQueriesinInterpretableClassifiers_wt-compa exit=0 wall= 241.7s rounds=0
OK CASH               seed=20260909 abstraction-refinement_wt-downcast-avrora        exit=0 wall= 215.2s rounds=0
OK CASH               seed=20260909 MaxSATQueriesinInterpretableClassifiers_wt-toms_ exit=0 wall= 439.0s rounds=0
OK CASH               seed=20260909 MaxSATQueriesinInterpretableClassifiers_wt-pima_ exit=0 wall= 600.1s rounds=0
OK CASH               seed=20260909 ParametricRBACMaintenance_mse20_wt-role_domino_m exit=0 wall= 600.1s rounds=0
OK CASH               seed=20260909 ParametricRBACMaintenance_mse20_wt-role_domino_m exit=0 wall= 600.1s rounds=0
OK CASH               seed=20260909 MaxSATQueriesinInterpretableClassifiers_wt-toms_ exit=0 wall= 600.2s rounds=0
OK CASH               seed=20260909 ParametricRBACMaintenance_mse20_wt-role_domino_m exit=0 wall= 600.3s rounds=0
OK CASH               seed=20260909 ParametricRBACMaintenance_mse20_wt-role_smallcom exit=0 wall= 600.0s rounds=0
OK CASH               seed=20260909 ParametricRBACMaintenance_mse20_wt-role_domino_m exit=0 wall= 600.3s rounds=0
OK Hybrid             seed=20260909 MaxSATQueriesinInterpretableClassifiers_wt-pima_ exit=0 wall= 600.4s rounds=33
OK Hybrid             seed=20260909 ParametricRBACMaintenance_mse20_wt-role_smallcom exit=0 wall= 600.1s rounds=33
OK CASH               seed=20260909 ParametricRBACMaintenance_mse20_wt-role_smallcom exit=0 wall= 600.1s rounds=0
OK Hybrid             seed=20260909 ParametricRBACMaintenance_mse20_wt-role_smallcom exit=0 wall= 600.1s rounds=33
OK Hybrid             seed=20260909 MaxSATQueriesinInterpretableClassifiers_wt-toms_ exit=0 wall= 601.2s rounds=33
OK CASH               seed=20260909 ParametricRBACMaintenance_mse20_wt-role_smallcom exit=0 wall= 600.1s rounds=0
OK Hybrid             seed=20260909 ParametricRBACMaintenance_mse20_wt-role_smallcom exit=0 wall= 600.1s rounds=33
OK CASH               seed=20260909 ParametricRBACMaintenance_mse20_wt-role_smallcom exit=0 wall= 600.1s rounds=0
OK CASH               seed=20260909 auctions_wt-cat_paths_60_100_0002.txt            exit=0 wall=   0.1s rounds=0
OK CASH               seed=20260909 abstraction-refinement_wt-downcast-hsqldb        exit=0 wall= 527.4s rounds=0
OK Hybrid             seed=20260909 auctions_wt-cat_paths_60_100_0002.txt            exit=0 wall=   0.1s rounds=0
OK Hybrid             seed=20260909 auctions_wt-cat_paths_60_130_0002.txt            exit=0 wall=   0.2s rounds=0
OK CASH               seed=20260909 auctions_wt-cat_paths_60_130_0002.txt            exit=0 wall=   0.2s rounds=0
OK Hybrid             seed=20260909 MaxSATQueriesinInterpretableClassifiers_wt-toms_ exit=0 wall= 602.4s rounds=33
OK CASH               seed=20260909 auctions_wt-cat_paths_60_70_0003.txt             exit=0 wall=   0.1s rounds=0
OK Hybrid             seed=20260909 auctions_wt-cat_paths_60_150_0005.txt            exit=0 wall=   0.4s rounds=0
OK CASH               seed=20260909 auctions_wt-cat_paths_60_150_0005.txt            exit=0 wall=   0.4s rounds=0
OK Hybrid             seed=20260909 auctions_wt-cat_paths_60_70_0003.txt             exit=0 wall=   0.1s rounds=0
OK Hybrid             seed=20260909 auctions_wt-cat_paths_60_90_0007.txt             exit=0 wall=   0.1s rounds=0
OK CASH               seed=20260909 auctions_wt-cat_paths_60_90_0007.txt             exit=0 wall=   0.1s rounds=0
OK Hybrid             seed=20260909 ParametricRBACMaintenance_mse20_wt-role_smallcom exit=0 wall= 600.1s rounds=33
OK CASH               seed=20260909 ParametricRBACMaintenance_mse20_wt-role_universi exit=0 wall= 600.1s rounds=0
OK CASH               seed=20260909 auctions_wt-cat_reg_60_140_0002.txt              exit=0 wall=   1.0s rounds=0
OK CASH               seed=20260909 ParametricRBACMaintenance_mse20_wt-role_universi exit=0 wall= 600.2s rounds=0
OK Hybrid             seed=20260909 auctions_wt-cat_reg_60_140_0002.txt              exit=0 wall=   1.1s rounds=0
OK CASH               seed=20260909 auctions_wt-cat_reg_60_150_0002.txt              exit=0 wall=   1.2s rounds=0
OK Hybrid             seed=20260909 CSG_wt-CSG140-140-6                              exit=0 wall= 604.0s rounds=33
OK CASH               seed=20260909 auctions_wt-cat_sched_60_100_0004.txt            exit=0 wall=   0.2s rounds=0
OK Hybrid             seed=20260909 auctions_wt-cat_reg_60_150_0002.txt              exit=0 wall=   1.2s rounds=0
OK Hybrid             seed=20260909 auctions_wt-cat_sched_60_100_0004.txt            exit=0 wall=   0.1s rounds=0
OK CASH               seed=20260909 auctions_wt-cat_reg_60_160_0005.txt              exit=0 wall=   1.0s rounds=0
OK CASH               seed=20260909 auctions_wt-cat_sched_60_130_0000.txt            exit=0 wall=   0.2s rounds=0
OK Hybrid             seed=20260909 CSG_wt-CSGNaive140-140-6                         exit=0 wall= 604.3s rounds=33
OK Hybrid             seed=20260909 auctions_wt-cat_sched_60_130_0002.txt            exit=0 wall=   0.2s rounds=0
OK Hybrid             seed=20260909 auctions_wt-cat_sched_60_130_0000.txt            exit=0 wall=   0.3s rounds=0
OK CASH               seed=20260909 auctions_wt-cat_sched_60_130_0002.txt            exit=0 wall=   0.3s rounds=0
OK CASH               seed=20260909 auctions_wt-cat_sched_60_70_0003.txt             exit=0 wall=   0.1s rounds=0
OK Hybrid             seed=20260909 auctions_wt-cat_sched_60_70_0003.txt             exit=0 wall=   0.1s rounds=0
OK Hybrid             seed=20260909 auctions_wt-cat_reg_60_160_0005.txt              exit=0 wall=   1.1s rounds=0
OK Hybrid             seed=20260909 auctions_wt-cat_sched_60_170_0003.txt            exit=0 wall=   0.3s rounds=0
OK CASH               seed=20260909 MaxSATQueriesinInterpretableClassifiers_wt-credi exit=0 wall= 604.7s rounds=0
OK Hybrid             seed=20260909 CSG_wt-CSG150-150-55                             exit=0 wall= 604.7s rounds=33
OK CASH               seed=20260909 auctions_wt-cat_sched_60_170_0003.txt            exit=0 wall=   0.4s rounds=0
OK Hybrid             seed=20260909 CSG_wt-CSGNaive150-150-55                        exit=0 wall= 604.7s rounds=33
OK CASH               seed=20260909 auctions_wt-cat_sched_60_190_0000.txt            exit=0 wall=   0.5s rounds=0
OK Hybrid             seed=20260909 ParametricRBACMaintenance_mse20_wt-role_domino_m exit=0 wall= 604.9s rounds=33
OK Hybrid             seed=20260909 auctions_wt-cat_sched_60_190_0000.txt            exit=0 wall=   0.8s rounds=0
OK Hybrid             seed=20260909 ParametricRBACMaintenance_mse20_wt-role_domino_m exit=0 wall= 605.2s rounds=33
OK Hybrid             seed=20260909 ParametricRBACMaintenance_mse20_wt-role_domino_m exit=0 wall= 605.4s rounds=33
OK CASH               seed=20260909 ParametricRBACMaintenance_mse20_wt-role_universi exit=0 wall= 600.3s rounds=0
OK Hybrid             seed=20260909 ParametricRBACMaintenance_mse20_wt-role_domino_m exit=0 wall= 605.5s rounds=33
OK CASH               seed=20260909 MinimumWeightDominatingSetProblem_wt-web-wikiped exit=0 wall= 606.2s rounds=0
OK CASH               seed=20260909 MinimumWeightDominatingSetProblem_wt-bn-human-BN exit=0 wall= 606.2s rounds=0
OK Hybrid             seed=20260909 MinimumWeightDominatingSetProblem_wt-web-wikiped exit=0 wall= 606.3s rounds=19
OK CASH               seed=20260909 MinimumWeightDominatingSetProblem_wt-channel-500 exit=0 wall= 606.5s rounds=0
OK Hybrid             seed=20260909 MinimumWeightDominatingSetProblem_wt-bn-human-BN exit=0 wall= 606.6s rounds=31
OK CASH               seed=20260909 MinimumWeightDominatingSetProblem_wt-soc-livejou exit=0 wall= 606.6s rounds=0
OK CASH               seed=20260909 MinimumWeightDominatingSetProblem_wt-sc-rel9     exit=0 wall= 606.6s rounds=0
OK Hybrid             seed=20260909 MinimumWeightDominatingSetProblem_wt-channel-500 exit=0 wall= 606.9s rounds=30
OK Hybrid             seed=20260909 MaxSATQueriesinInterpretableClassifiers_wt-credi exit=0 wall= 607.3s rounds=29
OK CASH               seed=20260909 ParametricRBACMaintenance_mse20_wt-role_universi exit=0 wall= 600.2s rounds=0
OK CASH               seed=20260909 auctions_wt-cat_reg_60_230_0003.txt              exit=0 wall=   3.8s rounds=0
OK Hybrid             seed=20260909 MaxSATQueriesinInterpretableClassifiers_wt-compa exit=0 wall= 607.6s rounds=5
OK Hybrid             seed=20260909 auctions_wt-cat_reg_60_230_0003.txt              exit=0 wall=   3.9s rounds=0
OK Hybrid             seed=20260909 MinimumWeightDominatingSetProblem_wt-sc-rel9     exit=0 wall= 607.7s rounds=30
OK CASH               seed=20260909 MinimumWeightDominatingSetProblem_wt-rgg_n_2_24_ exit=0 wall= 607.7s rounds=0
OK CASH               seed=20260909 MinimumWeightDominatingSetProblem_wt-inf-road-us exit=0 wall= 607.8s rounds=0
OK CASH               seed=20260909 MinimumWeightDominatingSetProblem_wt-delaunay_n2 exit=0 wall= 607.9s rounds=0
OK Hybrid             seed=20260909 MinimumWeightDominatingSetProblem_wt-delaunay_n2 exit=0 wall= 608.0s rounds=26
OK Hybrid             seed=20260909 MinimumWeightDominatingSetProblem_wt-soc-livejou exit=0 wall= 608.0s rounds=19
OK CASH               seed=20260909 MinimumWeightDominatingSetProblem_wt-hugebubbles exit=0 wall= 608.2s rounds=0
OK Hybrid             seed=20260909 MinimumWeightDominatingSetProblem_wt-hugebubbles exit=0 wall= 608.9s rounds=22
OK Hybrid             seed=20260909 MinimumWeightDominatingSetProblem_wt-rgg_n_2_24_ exit=0 wall= 609.2s rounds=24
OK Hybrid             seed=20260909 ParametricRBACMaintenance_mse20_wt-role_universi exit=0 wall= 605.9s rounds=33
OK Hybrid             seed=20260909 ParametricRBACMaintenance_mse20_wt-role_universi exit=0 wall= 603.6s rounds=33
OK Hybrid             seed=20260909 MinimumWeightDominatingSetProblem_wt-inf-road-us exit=0 wall= 609.9s rounds=25
OK Hybrid             seed=20260909 ParametricRBACMaintenance_mse20_wt-role_universi exit=0 wall= 606.1s rounds=32
OK Hybrid             seed=20260909 ParametricRBACMaintenance_mse20_wt-role_universi exit=0 wall= 605.5s rounds=33
OK CASH               seed=20260909 ParametricRBACMaintenance_mse20_wt-role_universi exit=0 wall= 600.3s rounds=0
OK Hybrid             seed=20260909 ParametricRBACMaintenance_mse20_wt-role_universi exit=0 wall= 605.1s rounds=33
OK Hybrid             seed=20260909 causal-discovery_wt-causal_Horse.23_7_300        exit=0 wall=  15.9s rounds=0
OK CASH               seed=20260909 causal-discovery_wt-causal_Horse.23_7_300        exit=0 wall=  15.9s rounds=0
OK CASH               seed=20260909 causal-discovery_wt-causal_n6_i10_N500_uai14_log exit=0 wall=  15.3s rounds=0
OK Hybrid             seed=20260909 causal-discovery_wt-causal_n6_i10_N500_uai14_log exit=0 wall=  15.3s rounds=0
OK CASH               seed=20260909 correlation-clustering_wt-Rounded_CorrelationClu exit=0 wall=  31.6s rounds=0
OK CASH               seed=20260909 causal-discovery_wt-causal_Water_7_380           exit=0 wall=  35.7s rounds=0
OK Hybrid             seed=20260909 Security-CriticalCyber-PhysicalComponents_wt-tes exit=0 wall= 600.3s rounds=33
OK CASH               seed=20260909 abstraction-refinement_wt-downcast-antlr         exit=0 wall= 601.1s rounds=0
OK Hybrid             seed=20260909 abstraction-refinement_wt-downcast-antlr         exit=0 wall= 606.5s rounds=31
OK CASH               seed=20260909 correlation-clustering_wt-Rounded_CorrelationClu exit=0 wall=  53.0s rounds=0
OK Hybrid             seed=20260909 abstraction-refinement_wt-downcast-avrora        exit=0 wall= 606.3s rounds=31
OK CASH               seed=20260909 correlation-clustering_wt-Rounded_CorrelationClu exit=0 wall=  60.2s rounds=0
OK CASH               seed=20260909 correlation-clustering_wt-Rounded_CorrelationClu exit=0 wall=  73.9s rounds=0
OK CASH               seed=20260909 causal-discovery_wt-causal_Diabetes_8_1000       exit=0 wall=  91.3s rounds=0
OK CASH               seed=20260909 causal-discovery_wt-causal_Meta_7_528            exit=0 wall=  94.1s rounds=0
OK CASH               seed=20260909 abstraction-refinement_wt-polysite-lusearch      exit=0 wall= 129.6s rounds=0
OK CASH               seed=20260909 abstraction-refinement_wt-polysite-avrora        exit=0 wall= 134.5s rounds=0
OK CASH               seed=20260909 causal-discovery_wt-causal_hailfinder_7_100      exit=0 wall= 159.9s rounds=0
OK CASH               seed=20260909 causal-discovery_wt-causal_hailfinder_8_10000    exit=0 wall= 182.3s rounds=0
OK CASH               seed=20260909 css-refactoring_wt-amazon.dimacs                 exit=0 wall=  38.2s rounds=0
OK CASH               seed=20260909 css-refactoring_wt-archlinux.dimacs              exit=0 wall=   2.1s rounds=0
OK Hybrid             seed=20260909 css-refactoring_wt-archlinux.dimacs              exit=0 wall=   1.8s rounds=0
OK CASH               seed=20260909 css-refactoring_wt-dblp.dimacs                   exit=0 wall=  15.1s rounds=0
OK Hybrid             seed=20260909 css-refactoring_wt-dblp.dimacs                   exit=0 wall=  15.1s rounds=0
OK Hybrid             seed=20260909 abstraction-refinement_wt-downcast-hsqldb        exit=0 wall= 606.8s rounds=27
OK CASH               seed=20260909 css-refactoring_wt-ebay.dimacs                   exit=0 wall=  17.9s rounds=0
OK CASH               seed=20260909 abstraction-refinement_wt-downcast-xalan         exit=0 wall= 263.3s rounds=0
OK CASH               seed=20260909 css-refactoring_wt-facebook1.dimacs              exit=0 wall=  15.2s rounds=0
OK Hybrid             seed=20260909 css-refactoring_wt-facebook1.dimacs              exit=0 wall=  15.3s rounds=0
OK CASH               seed=20260909 abstraction-refinement_wt-downcast-pmd           exit=0 wall= 606.4s rounds=0
OK CASH               seed=20260909 abstraction-refinement_wt-polysite-pmd           exit=0 wall= 388.2s rounds=0
OK CASH               seed=20260909 css-refactoring_wt-guardian.dimacs               exit=0 wall= 107.8s rounds=0
OK CASH               seed=20260909 abstraction-refinement_wt-polysite-hsqldb        exit=0 wall= 398.0s rounds=0
OK CASH               seed=20260909 css-refactoring_wt-londonist.dimacs              exit=0 wall=  15.2s rounds=0
OK Hybrid             seed=20260909 css-refactoring_wt-londonist.dimacs              exit=0 wall=  15.2s rounds=0
OK CASH               seed=20260909 css-refactoring_wt-openstreetmap.dimacs          exit=0 wall=  15.2s rounds=0
OK CASH               seed=20260909 css-refactoring_wt-github.dimacs                 exit=0 wall= 149.1s rounds=0
OK Hybrid             seed=20260909 css-refactoring_wt-openstreetmap.dimacs          exit=0 wall=  15.2s rounds=0
OK Hybrid             seed=20260909 css-refactoring_wt-wikipedia.dimacs              exit=0 wall=   6.9s rounds=0
OK CASH               seed=20260909 css-refactoring_wt-wikipedia.dimacs              exit=0 wall=  10.5s rounds=0
OK CASH               seed=20260909 dalculus_wt-f1-DataDisplay_0_order4.seq-A-2-2-ir exit=0 wall=   0.2s rounds=0
OK Hybrid             seed=20260909 dalculus_wt-f1-DataDisplay_0_order4.seq-A-2-2-ir exit=0 wall=   0.2s rounds=0
OK CASH               seed=20260909 dalculus_wt-f1-DataDisplay_0_order4.seq-A-3-1-ED exit=0 wall=   0.0s rounds=0
OK Hybrid             seed=20260909 dalculus_wt-f1-DataDisplay_0_order4.seq-A-3-1-ED exit=0 wall=   0.0s rounds=0
OK CASH               seed=20260909 dalculus_wt-f1-DataDisplay_0_order4.seq-A-3-2-ED exit=0 wall=   0.0s rounds=0
OK Hybrid             seed=20260909 dalculus_wt-f1-DataDisplay_0_order4.seq-A-3-2-ED exit=0 wall=   0.0s rounds=0
OK CASH               seed=20260909 dalculus_wt-f1-DataDisplay_0_order4.seq-A-3-comb exit=0 wall=   0.1s rounds=0
OK Hybrid             seed=20260909 dalculus_wt-f1-DataDisplay_0_order4.seq-A-3-comb exit=0 wall=   0.1s rounds=0
OK CASH               seed=20260909 dalculus_wt-f1-DataDisplay_0_order4.seq-B-2-1-ED exit=0 wall=   0.1s rounds=0
OK Hybrid             seed=20260909 dalculus_wt-f1-DataDisplay_0_order4.seq-B-2-1-ED exit=0 wall=   0.1s rounds=0
OK CASH               seed=20260909 dalculus_wt-f1-DataDisplay_0_order4.seq-B-2-1-ir exit=0 wall=   0.1s rounds=0
OK Hybrid             seed=20260909 dalculus_wt-f1-DataDisplay_0_order4.seq-B-2-1-ir exit=0 wall=   0.1s rounds=0
OK CASH               seed=20260909 dalculus_wt-f1-DataDisplay_0_order4.seq-B-2-2-ir exit=0 wall=   0.2s rounds=0
OK Hybrid             seed=20260909 dalculus_wt-f1-DataDisplay_0_order4.seq-B-2-2-ir exit=0 wall=   0.2s rounds=0
OK CASH               seed=20260909 dalculus_wt-f1-DataDisplay_0_order4.seq-B-2-comb exit=0 wall=   0.1s rounds=0
OK Hybrid             seed=20260909 dalculus_wt-f1-DataDisplay_0_order4.seq-B-2-comb exit=0 wall=   0.1s rounds=0
OK CASH               seed=20260909 dalculus_wt-f1-DataDisplay_0_order4.seq-B-3-2-ir exit=0 wall=   0.0s rounds=0
OK Hybrid             seed=20260909 dalculus_wt-f1-DataDisplay_0_order4.seq-B-3-2-ir exit=0 wall=   0.0s rounds=0
OK Hybrid             seed=20260909 abstraction-refinement_wt-downcast-pmd           exit=0 wall= 606.9s rounds=27
OK CASH               seed=20260909 dalculus_wt-f49-DC_TotalLoss.seq-A-3-2-EDCBAir   exit=0 wall=  15.6s rounds=0
OK CASH               seed=20260909 causal-discovery_wt-causal_Mushroom_7_1000       exit=0 wall= 446.0s rounds=0
OK Hybrid             seed=20260909 dalculus_wt-f49-DC_TotalLoss.seq-A-3-2-EDCBAir   exit=0 wall=  15.7s rounds=0
OK CASH               seed=20260909 dalculus_wt-f49-DC_TotalLoss.seq-A-3-combined-ED exit=0 wall=  15.7s rounds=0
OK Hybrid             seed=20260909 dalculus_wt-f49-DC_TotalLoss.seq-A-3-combined-ED exit=0 wall=  15.7s rounds=0
OK CASH               seed=20260909 dalculus_wt-f49-DC_TotalLoss.seq-B-2-2-irabcde   exit=0 wall=  15.5s rounds=0
OK Hybrid             seed=20260909 dalculus_wt-f49-DC_TotalLoss.seq-B-2-2-irabcde   exit=0 wall=  15.5s rounds=0
OK CASH               seed=20260909 dalculus_wt-f49-DC_TotalLoss.seq-B-2-combined-ab exit=0 wall=  16.0s rounds=0
OK Hybrid             seed=20260909 dalculus_wt-f49-DC_TotalLoss.seq-B-2-combined-ab exit=0 wall=  16.1s rounds=0
OK CASH               seed=20260909 dalculus_wt-f49-DC_TotalLoss.seq-B-3-combined-ED exit=0 wall=  15.7s rounds=0
OK Hybrid             seed=20260909 dalculus_wt-f49-DC_TotalLoss.seq-B-3-combined-ED exit=0 wall=  15.8s rounds=0
OK CASH               seed=20260909 css-refactoring_wt-youtube.dimacs                exit=0 wall=  80.2s rounds=0
OK CASH               seed=20260909 dalculus_wt-f49-DC_TotalLoss.seq-B-3-combined-ir exit=0 wall=  16.3s rounds=0
OK Hybrid             seed=20260909 dalculus_wt-f49-DC_TotalLoss.seq-B-3-combined-ir exit=0 wall=  16.3s rounds=0
OK CASH               seed=20260909 causal-discovery_wt-causal_Link_10_1000          exit=0 wall= 516.4s rounds=0
OK CASH               seed=20260909 correlation-clustering_wt-Rounded_CorrelationClu exit=0 wall= 551.9s rounds=0
OK CASH               seed=20260909 causal-discovery_wt-causal_Link_10_10000         exit=0 wall= 600.2s rounds=0
OK CASH               seed=20260909 causal-discovery_wt-causal_Link_9_100            exit=0 wall= 600.1s rounds=0
OK Hybrid             seed=20260909 causal-discovery_wt-causal_Diabetes_8_1000       exit=0 wall= 601.0s rounds=33
OK Hybrid             seed=20260909 causal-discovery_wt-causal_Meta_7_528            exit=0 wall= 600.5s rounds=33
OK Hybrid             seed=20260909 causal-discovery_wt-causal_Mushroom_7_1000       exit=0 wall= 600.5s rounds=33
OK CASH               seed=20260909 causal-discovery_wt-causal_Pigs_6_1000           exit=0 wall= 600.3s rounds=0
OK CASH               seed=20260909 causal-discovery_wt-causal_Water_10_1000         exit=0 wall= 600.2s rounds=0
OK Hybrid             seed=20260909 abstraction-refinement_wt-downcast-xalan         exit=0 wall= 606.5s rounds=21
OK CASH               seed=20260909 causal-discovery_wt-causal_alarm_9_1000          exit=0 wall= 600.1s rounds=0
OK Hybrid             seed=20260909 abstraction-refinement_wt-polysite-avrora        exit=0 wall= 606.5s rounds=31
OK CASH               seed=20260909 abstraction-refinement_wt-polysite-bloat         exit=0 wall= 606.5s rounds=0
OK Hybrid             seed=20260909 causal-discovery_wt-causal_Water_7_380           exit=0 wall= 600.4s rounds=33
OK Hybrid             seed=20260909 causal-discovery_wt-causal_Pigs_6_1000           exit=0 wall= 601.0s rounds=33
OK Hybrid             seed=20260909 abstraction-refinement_wt-polysite-lusearch      exit=0 wall= 606.4s rounds=0
OK CASH               seed=20260909 causal-discovery_wt-causal_carpo_8_1000          exit=0 wall= 600.1s rounds=0
OK Hybrid             seed=20260909 abstraction-refinement_wt-polysite-hsqldb        exit=0 wall= 607.0s rounds=28
OK Hybrid             seed=20260909 abstraction-refinement_wt-polysite-bloat         exit=0 wall= 607.2s rounds=27
OK CASH               seed=20260909 abstraction-refinement_wt-polysite-xalan         exit=0 wall= 606.4s rounds=0
OK Hybrid             seed=20260909 causal-discovery_wt-causal_Link_9_100            exit=0 wall= 602.7s rounds=33
OK Hybrid             seed=20260909 causal-discovery_wt-causal_hailfinder_7_100      exit=0 wall= 600.4s rounds=33
OK Hybrid             seed=20260909 abstraction-refinement_wt-polysite-pmd           exit=0 wall= 606.9s rounds=30
OK Hybrid             seed=20260909 abstraction-refinement_wt-polysite-xalan         exit=0 wall= 606.7s rounds=28
OK CASH               seed=20260909 correlation-clustering_wt-Rounded_CorrelationClu exit=0 wall= 600.4s rounds=0
OK Hybrid             seed=20260909 causal-discovery_wt-causal_carpo_8_1000          exit=0 wall= 600.8s rounds=33
OK Hybrid             seed=20260909 causal-discovery_wt-causal_hailfinder_8_10000    exit=0 wall= 600.8s rounds=33
OK Hybrid             seed=20260909 correlation-clustering_wt-Rounded_CorrelationClu exit=0 wall= 601.0s rounds=33
OK Hybrid             seed=20260909 correlation-clustering_wt-Rounded_CorrelationClu exit=0 wall= 601.3s rounds=33
OK Hybrid             seed=20260909 causal-discovery_wt-causal_alarm_9_1000          exit=0 wall= 602.7s rounds=33
OK Hybrid             seed=20260909 correlation-clustering_wt-Rounded_CorrelationClu exit=0 wall= 600.8s rounds=33
OK Hybrid             seed=20260909 causal-discovery_wt-causal_Link_10_1000          exit=0 wall= 606.2s rounds=33
OK Hybrid             seed=20260909 causal-discovery_wt-causal_Link_10_10000         exit=0 wall= 606.2s rounds=33
OK Hybrid             seed=20260909 correlation-clustering_wt-Rounded_CorrelationClu exit=0 wall= 602.6s rounds=33
OK Hybrid             seed=20260909 causal-discovery_wt-causal_Water_10_1000         exit=0 wall= 606.1s rounds=33
OK CASH               seed=20260909 correlation-clustering_wt-Rounded_CorrelationClu exit=0 wall= 604.4s rounds=0
OK Hybrid             seed=20260909 correlation-clustering_wt-Rounded_CorrelationClu exit=0 wall= 600.4s rounds=33
OK Hybrid             seed=20260909 correlation-clustering_wt-Rounded_CorrelationClu exit=0 wall= 606.2s rounds=33
OK CASH               seed=20260909 correlation-clustering_wt-Rounded_CorrelationClu exit=0 wall= 600.1s rounds=0
OK CASH               seed=20260909 correlation-clustering_wt-Rounded_CorrelationClu exit=0 wall= 600.3s rounds=0
OK Hybrid             seed=20260909 correlation-clustering_wt-Rounded_CorrelationClu exit=0 wall= 600.6s rounds=33
OK CASH               seed=20260909 correlation-clustering_wt-Rounded_CorrelationClu exit=0 wall= 600.3s rounds=0
OK Hybrid             seed=20260909 correlation-clustering_wt-Rounded_CorrelationClu exit=0 wall= 601.3s rounds=33
OK CASH               seed=20260909 drmx-cryptogen_wt-geffe128_2                     exit=0 wall=  15.3s rounds=0
OK Hybrid             seed=20260909 drmx-cryptogen_wt-geffe128_2                     exit=0 wall=  15.3s rounds=0
OK Hybrid             seed=20260909 correlation-clustering_wt-Rounded_CorrelationClu exit=0 wall= 603.8s rounds=33
OK CASH               seed=20260909 drmx-cryptogen_wt-geffe128_4                     exit=0 wall=  39.7s rounds=0
OK Hybrid             seed=20260909 correlation-clustering_wt-Rounded_CorrelationClu exit=0 wall= 606.4s rounds=29
OK CASH               seed=20260909 correlation-clustering_wt-Rounded_CorrelationClu exit=0 wall= 600.3s rounds=0
OK Hybrid             seed=20260909 correlation-clustering_wt-Rounded_CorrelationClu exit=0 wall= 603.5s rounds=33
OK CASH               seed=20260909 correlation-clustering_wt-Rounded_CorrelationClu exit=0 wall= 600.2s rounds=0
OK Hybrid             seed=20260909 correlation-clustering_wt-Rounded_CorrelationClu exit=0 wall= 600.5s rounds=33
OK CASH               seed=20260909 correlation-clustering_wt-Rounded_CorrelationClu exit=0 wall= 600.6s rounds=0
OK CASH               seed=20260909 drmx-cryptogen_wt-wolfram72_1                    exit=0 wall=  52.7s rounds=0
OK CASH               seed=20260909 drmx-cryptogen_wt-geffe128_7                     exit=0 wall=  61.4s rounds=0
OK CASH               seed=20260909 drmx-cryptogen_wt-geffe128_1                     exit=0 wall=  74.3s rounds=0
OK Hybrid             seed=20260909 correlation-clustering_wt-Rounded_CorrelationClu exit=0 wall= 603.2s rounds=33
OK CASH               seed=20260909 frb_wt-frb10-6-1                                 exit=0 wall=   0.1s rounds=0
OK Hybrid             seed=20260909 frb_wt-frb10-6-1                                 exit=0 wall=   0.1s rounds=0
OK CASH               seed=20260909 frb_wt-frb10-6-2                                 exit=0 wall=   0.1s rounds=0
OK Hybrid             seed=20260909 frb_wt-frb10-6-2                                 exit=0 wall=   0.1s rounds=0
OK CASH               seed=20260909 frb_wt-frb10-6-3                                 exit=0 wall=   0.1s rounds=0
OK Hybrid             seed=20260909 frb_wt-frb10-6-3                                 exit=0 wall=   0.1s rounds=0
OK CASH               seed=20260909 frb_wt-frb15-9-1                                 exit=0 wall=   0.4s rounds=0
OK Hybrid             seed=20260909 frb_wt-frb15-9-1                                 exit=0 wall=   0.4s rounds=0
OK CASH               seed=20260909 frb_wt-frb15-9-2                                 exit=0 wall=   1.0s rounds=0
OK Hybrid             seed=20260909 frb_wt-frb15-9-2                                 exit=0 wall=   1.0s rounds=0
OK CASH               seed=20260909 frb_wt-frb15-9-3                                 exit=0 wall=   0.6s rounds=0
OK Hybrid             seed=20260909 frb_wt-frb15-9-3                                 exit=0 wall=   0.7s rounds=0
OK CASH               seed=20260909 frb_wt-frb20-11-2                                exit=0 wall=   3.2s rounds=0
OK CASH               seed=20260909 drmx-cryptogen_wt-threshold128_7                 exit=0 wall=  73.6s rounds=0
OK Hybrid             seed=20260909 frb_wt-frb20-11-2                                exit=0 wall=   4.6s rounds=0
OK CASH               seed=20260909 drmx-cryptogen_wt-geffe128_0                     exit=0 wall=  90.4s rounds=0
OK CASH               seed=20260909 drmx-cryptogen_wt-geffe128_3                     exit=0 wall=  89.1s rounds=0
OK CASH               seed=20260909 correlation-clustering_wt-Rounded_CorrelationClu exit=0 wall= 606.0s rounds=0
OK Hybrid             seed=20260909 correlation-clustering_wt-Rounded_CorrelationClu exit=0 wall= 603.2s rounds=33
OK CASH               seed=20260909 drmx-cryptogen_wt-wolfram80_3                    exit=0 wall=  49.3s rounds=0
OK CASH               seed=20260909 drmx-cryptogen_wt-wolfram80_9                    exit=0 wall=  31.2s rounds=0
OK CASH               seed=20260909 drmx-cryptogen_wt-wolfram80_8                    exit=0 wall=  44.2s rounds=0
OK CASH               seed=20260909 frb_wt-frb25-13-3                                exit=0 wall=  15.3s rounds=0
OK CASH               seed=20260909 drmx-cryptogen_wt-threshold128_0                 exit=0 wall=  94.1s rounds=0
OK CASH               seed=20260909 drmx-cryptogen_wt-wolfram72_8                    exit=0 wall=  63.8s rounds=0
OK CASH               seed=20260909 correlation-clustering_wt-Rounded_CorrelationClu exit=0 wall= 606.1s rounds=0
OK Hybrid             seed=20260909 correlation-clustering_wt-Rounded_CorrelationClu exit=0 wall= 604.5s rounds=33
OK CASH               seed=20260909 drmx-cryptogen_wt-wolfram72_2                    exit=0 wall= 141.7s rounds=0
OK Hybrid             seed=20260909 css-refactoring_wt-amazon.dimacs                 exit=0 wall= 600.3s rounds=33
OK CASH               seed=20260909 drmx-cryptogen_wt-wolfram80_4                    exit=0 wall= 128.0s rounds=0
